Component: ARM Compiler 5.06 update 6 (build 750) Tool: armlink [4d35ed]

==============================================================================

Section Cross References

    startup_stm32f103xb.o(RESET) refers to startup_stm32f103xb.o(STACK) for __initial_sp
    startup_stm32f103xb.o(RESET) refers to startup_stm32f103xb.o(.text) for Reset_Handler
    startup_stm32f103xb.o(RESET) refers to stm32f1xx_it.o(i.NMI_Handler) for NMI_Handler
    startup_stm32f103xb.o(RESET) refers to stm32f1xx_it.o(i.HardFault_Handler) for HardFault_Handler
    startup_stm32f103xb.o(RESET) refers to stm32f1xx_it.o(i.MemManage_Handler) for MemManage_Handler
    startup_stm32f103xb.o(RESET) refers to stm32f1xx_it.o(i.BusFault_Handler) for BusFault_Handler
    startup_stm32f103xb.o(RESET) refers to stm32f1xx_it.o(i.UsageFault_Handler) for UsageFault_Handler
    startup_stm32f103xb.o(RESET) refers to port.o(.emb_text) for SVC_Handler
    startup_stm32f103xb.o(RESET) refers to stm32f1xx_it.o(i.DebugMon_Handler) for DebugMon_Handler
    startup_stm32f103xb.o(RESET) refers to port.o(i.SysTick_Handler) for SysTick_Handler
    startup_stm32f103xb.o(RESET) refers to stm32f1xx_it.o(i.USB_LP_CAN1_RX0_IRQHandler) for USB_LP_CAN1_RX0_IRQHandler
    startup_stm32f103xb.o(RESET) refers to stm32f1xx_it.o(i.TIM1_UP_IRQHandler) for TIM1_UP_IRQHandler
    startup_stm32f103xb.o(RESET) refers to stm32f1xx_it.o(i.I2C1_EV_IRQHandler) for I2C1_EV_IRQHandler
    startup_stm32f103xb.o(RESET) refers to stm32f1xx_it.o(i.I2C1_ER_IRQHandler) for I2C1_ER_IRQHandler
    startup_stm32f103xb.o(RESET) refers to stm32f1xx_it.o(i.USART1_IRQHandler) for USART1_IRQHandler
    startup_stm32f103xb.o(.text) refers to system_stm32f1xx.o(i.SystemInit) for SystemInit
    startup_stm32f103xb.o(.text) refers to entry.o(.ARM.Collect$$$$00000000) for __main
    sd_hal_mpu6050.o(i.SD_MPU6050_DisableInterrupts) refers to stm32f1xx_hal_i2c.o(i.HAL_I2C_Master_Transmit) for HAL_I2C_Master_Transmit
    sd_hal_mpu6050.o(i.SD_MPU6050_EnableInterrupts) refers to stm32f1xx_hal_i2c.o(i.HAL_I2C_Master_Transmit) for HAL_I2C_Master_Transmit
    sd_hal_mpu6050.o(i.SD_MPU6050_EnableInterrupts) refers to stm32f1xx_hal_i2c.o(i.HAL_I2C_Master_Receive) for HAL_I2C_Master_Receive
    sd_hal_mpu6050.o(i.SD_MPU6050_Init) refers to stm32f1xx_hal_i2c.o(i.HAL_I2C_IsDeviceReady) for HAL_I2C_IsDeviceReady
    sd_hal_mpu6050.o(i.SD_MPU6050_Init) refers to stm32f1xx_hal_i2c.o(i.HAL_I2C_Master_Transmit) for HAL_I2C_Master_Transmit
    sd_hal_mpu6050.o(i.SD_MPU6050_Init) refers to stm32f1xx_hal_i2c.o(i.HAL_I2C_Master_Receive) for HAL_I2C_Master_Receive
    sd_hal_mpu6050.o(i.SD_MPU6050_Init) refers to sd_hal_mpu6050.o(i.SD_MPU6050_SetDataRate) for SD_MPU6050_SetDataRate
    sd_hal_mpu6050.o(i.SD_MPU6050_Init) refers to sd_hal_mpu6050.o(i.SD_MPU6050_SetAccelerometer) for SD_MPU6050_SetAccelerometer
    sd_hal_mpu6050.o(i.SD_MPU6050_Init) refers to sd_hal_mpu6050.o(i.SD_MPU6050_SetGyroscope) for SD_MPU6050_SetGyroscope
    sd_hal_mpu6050.o(i.SD_MPU6050_ReadAccelerometer) refers to stm32f1xx_hal_i2c.o(i.HAL_I2C_Master_Transmit) for HAL_I2C_Master_Transmit
    sd_hal_mpu6050.o(i.SD_MPU6050_ReadAccelerometer) refers to stm32f1xx_hal_i2c.o(i.HAL_I2C_Master_Receive) for HAL_I2C_Master_Receive
    sd_hal_mpu6050.o(i.SD_MPU6050_ReadAll) refers to stm32f1xx_hal_i2c.o(i.HAL_I2C_Master_Transmit) for HAL_I2C_Master_Transmit
    sd_hal_mpu6050.o(i.SD_MPU6050_ReadAll) refers to stm32f1xx_hal_i2c.o(i.HAL_I2C_Master_Receive) for HAL_I2C_Master_Receive
    sd_hal_mpu6050.o(i.SD_MPU6050_ReadAll) refers to fflti.o(.text) for __aeabi_i2f
    sd_hal_mpu6050.o(i.SD_MPU6050_ReadAll) refers to fdiv.o(.text) for __aeabi_fdiv
    sd_hal_mpu6050.o(i.SD_MPU6050_ReadAll) refers to fadd.o(.text) for __aeabi_fadd
    sd_hal_mpu6050.o(i.SD_MPU6050_ReadGyroscope) refers to stm32f1xx_hal_i2c.o(i.HAL_I2C_Master_Transmit) for HAL_I2C_Master_Transmit
    sd_hal_mpu6050.o(i.SD_MPU6050_ReadGyroscope) refers to stm32f1xx_hal_i2c.o(i.HAL_I2C_Master_Receive) for HAL_I2C_Master_Receive
    sd_hal_mpu6050.o(i.SD_MPU6050_ReadInterrupts) refers to stm32f1xx_hal_i2c.o(i.HAL_I2C_Master_Transmit) for HAL_I2C_Master_Transmit
    sd_hal_mpu6050.o(i.SD_MPU6050_ReadInterrupts) refers to stm32f1xx_hal_i2c.o(i.HAL_I2C_Master_Receive) for HAL_I2C_Master_Receive
    sd_hal_mpu6050.o(i.SD_MPU6050_ReadTemperature) refers to stm32f1xx_hal_i2c.o(i.HAL_I2C_Master_Transmit) for HAL_I2C_Master_Transmit
    sd_hal_mpu6050.o(i.SD_MPU6050_ReadTemperature) refers to stm32f1xx_hal_i2c.o(i.HAL_I2C_Master_Receive) for HAL_I2C_Master_Receive
    sd_hal_mpu6050.o(i.SD_MPU6050_ReadTemperature) refers to fflti.o(.text) for __aeabi_i2f
    sd_hal_mpu6050.o(i.SD_MPU6050_ReadTemperature) refers to fdiv.o(.text) for __aeabi_fdiv
    sd_hal_mpu6050.o(i.SD_MPU6050_ReadTemperature) refers to fadd.o(.text) for __aeabi_fadd
    sd_hal_mpu6050.o(i.SD_MPU6050_SetAccelerometer) refers to stm32f1xx_hal_i2c.o(i.HAL_I2C_Master_Transmit) for HAL_I2C_Master_Transmit
[...]
    i.USBD_FS_InterfaceStrDescriptor         0x080051b4   Section        0  usbd_desc.o(i.USBD_FS_InterfaceStrDescriptor)
    i.USBD_FS_LangIDStrDescriptor            0x080051d8   Section        0  usbd_desc.o(i.USBD_FS_LangIDStrDescriptor)
    i.USBD_FS_ManufacturerStrDescriptor      0x080051e4   Section        0  usbd_desc.o(i.USBD_FS_ManufacturerStrDescriptor)
    i.USBD_FS_ProductStrDescriptor           0x0800520c   Section        0  usbd_desc.o(i.USBD_FS_ProductStrDescriptor)
    i.USBD_FS_SerialStrDescriptor            0x08005238   Section        0  usbd_desc.o(i.USBD_FS_SerialStrDescriptor)
    i.USBD_GetDescriptor                     0x08005270   Section        0  usbd_ctlreq.o(i.USBD_GetDescriptor)
    USBD_GetDescriptor                       0x08005271   Thumb Code   232  usbd_ctlreq.o(i.USBD_GetDescriptor)
    i.USBD_GetString                         0x08005358   Section        0  usbd_ctlreq.o(i.USBD_GetString)
    i.USBD_Get_USB_Status                    0x080053a0   Section        0  usbd_conf.o(i.USBD_Get_USB_Status)
    USBD_Get_USB_Status                      0x080053a1   Thumb Code    24  usbd_conf.o(i.USBD_Get_USB_Status)
    i.USBD_Init                              0x080053b8   Section        0  usbd_core.o(i.USBD_Init)
    i.USBD_LL_ClearStallEP                   0x080053e2   Section        0  usbd_conf.o(i.USBD_LL_ClearStallEP)
    i.USBD_LL_CloseEP                        0x080053f4   Section        0  usbd_conf.o(i.USBD_LL_CloseEP)
    i.USBD_LL_DataInStage                    0x08005406   Section        0  usbd_core.o(i.USBD_LL_DataInStage)
    i.USBD_LL_DataOutStage                   0x080054cc   Section        0  usbd_core.o(i.USBD_LL_DataOutStage)
    i.USBD_LL_GetRxDataSize                  0x0800554e   Section        0  usbd_conf.o(i.USBD_LL_GetRxDataSize)
    i.USBD_LL_Init                           0x08005558   Section        0  usbd_conf.o(i.USBD_LL_Init)
    i.USBD_LL_IsStallEP                      0x080055d8   Section        0  usbd_conf.o(i.USBD_LL_IsStallEP)
    i.USBD_LL_OpenEP                         0x080055f4   Section        0  usbd_conf.o(i.USBD_LL_OpenEP)
    i.USBD_LL_PrepareReceive                 0x0800560c   Section        0  usbd_conf.o(i.USBD_LL_PrepareReceive)
    i.USBD_LL_Reset                          0x0800561e   Section        0  usbd_core.o(i.USBD_LL_Reset)
    i.USBD_LL_Resume                         0x0800566e   Section        0  usbd_core.o(i.USBD_LL_Resume)
    i.USBD_LL_SOF                            0x08005682   Section        0  usbd_core.o(i.USBD_LL_SOF)
    i.USBD_LL_SetSpeed                       0x0800569a   Section        0  usbd_core.o(i.USBD_LL_SetSpeed)
    i.USBD_LL_SetUSBAddress                  0x080056a0   Section        0  usbd_conf.o(i.USBD_LL_SetUSBAddress)
    i.USBD_LL_SetupStage                     0x080056b2   Section        0  usbd_core.o(i.USBD_LL_SetupStage)
    i.USBD_LL_StallEP                        0x0800570c   Section        0  usbd_conf.o(i.USBD_LL_StallEP)
    i.USBD_LL_Start                          0x0800571e   Section        0  usbd_conf.o(i.USBD_LL_Start)
    i.USBD_LL_Suspend                        0x08005730   Section        0  usbd_core.o(i.USBD_LL_Suspend)
    i.USBD_LL_Transmit                       0x08005742   Section        0  usbd_conf.o(i.USBD_LL_Transmit)
    i.USBD_ParseSetupRequest                 0x08005754   Section        0  usbd_ctlreq.o(i.USBD_ParseSetupRequest)
    i.USBD_RegisterClass                     0x0800577c   Section        0  usbd_core.o(i.USBD_RegisterClass)
    i.USBD_SetClassConfig                    0x0800578c   Section        0  usbd_core.o(i.USBD_SetClassConfig)
    i.USBD_SetConfig                         0x080057a4   Section        0  usbd_ctlreq.o(i.USBD_SetConfig)
    USBD_SetConfig                           0x080057a5   Thumb Code   128  usbd_ctlreq.o(i.USBD_SetConfig)
    i.USBD_Start                             0x08005828   Section        0  usbd_core.o(i.USBD_Start)
    i.USBD_StdDevReq                         0x08005832   Section        0  usbd_ctlreq.o(i.USBD_StdDevReq)
    i.USBD_StdEPReq                          0x08005944   Section        0  usbd_ctlreq.o(i.USBD_StdEPReq)
    i.USBD_StdItfReq                         0x08005a94   Section        0  usbd_ctlreq.o(i.USBD_StdItfReq)
    i.USBD_static_free                       0x08005ae2   Section        0  usbd_conf.o(i.USBD_static_free)
    i.USBD_static_malloc                     0x08005ae4   Section        0  usbd_conf.o(i.USBD_static_malloc)
    i.USB_ActivateEndpoint                   0x08005aec   Section        0  stm32f1xx_ll_usb.o(i.USB_ActivateEndpoint)
    i.USB_CoreInit                           0x08005d52   Section        0  stm32f1xx_ll_usb.o(i.USB_CoreInit)
    i.USB_DeactivateEndpoint                 0x08005d56   Section        0  stm32f1xx_ll_usb.o(i.USB_DeactivateEndpoint)
    i.USB_DevConnect                         0x08005e64   Section        0  stm32f1xx_ll_usb.o(i.USB_DevConnect)
    i.USB_DevDisconnect                      0x08005e68   Section        0  stm32f1xx_ll_usb.o(i.USB_DevDisconnect)
    i.USB_DevInit                            0x08005e6c   Section        0  stm32f1xx_ll_usb.o(i.USB_DevInit)
    i.USB_DisableGlobalInt                   0x08005e8a   Section        0  stm32f1xx_ll_usb.o(i.USB_DisableGlobalInt)
    i.USB_EP0_OutStart                       0x08005e98   Section        0  stm32f1xx_ll_usb.o(i.USB_EP0_OutStart)
    i.USB_EPClearStall                       0x08005e9c   Section        0  stm32f1xx_ll_usb.o(i.USB_EPClearStall)
    i.USB_EPSetStall                         0x08005f14   Section        0  stm32f1xx_ll_usb.o(i.USB_EPSetStall)
    i.USB_EPStartXfer                        0x08005f46   Section        0  stm32f1xx_ll_usb.o(i.USB_EPStartXfer)
    i.USB_EnableGlobalInt                    0x080060e2   Section        0  stm32f1xx_ll_usb.o(i.USB_EnableGlobalInt)
    i.USB_LP_CAN1_RX0_IRQHandler             0x080060f0   Section        0  stm32f1xx_it.o(i.USB_LP_CAN1_RX0_IRQHandler)
    i.USB_ReadInterrupts                     0x080060fc   Section        0  stm32f1xx_ll_usb.o(i.USB_ReadInterrupts)
    i.USB_ReadPMA                            0x08006104   Section        0  stm32f1xx_ll_usb.o(i.USB_ReadPMA)
    i.USB_SetCurrentMode                     0x08006130   Section        0  stm32f1xx_ll_usb.o(i.USB_SetCurrentMode)
    i.USB_SetDevAddress                      0x08006134   Section        0  stm32f1xx_ll_usb.o(i.USB_SetDevAddress)
    i.USB_WritePMA                           0x08006140   Section        0  stm32f1xx_ll_usb.o(i.USB_WritePMA)
    i.UsageFault_Handler                     0x08006166   Section        0  stm32f1xx_it.o(i.UsageFault_Handler)
    i.__NVIC_SetPriority                     0x08006168   Section        0  stm32f1xx_hal_cortex.o(i.__NVIC_SetPriority)
    __NVIC_SetPriority                       0x08006169   Thumb Code    32  stm32f1xx_hal_cortex.o(i.__NVIC_SetPriority)
    i.__scatterload_copy                     0x08006188   Section       14  handlers.o(i.__scatterload_copy)
    i.__scatterload_null                     0x08006196   Section        2  handlers.o(i.__scatterload_null)
    i.__scatterload_zeroinit                 0x08006198   Section       14  handlers.o(i.__scatterload_zeroinit)
    i.assert_failed                          0x080061a6   Section        0  main.o(i.assert_failed)
    i.main                                   0x080061a8   Section        0  main.o(i.main)
    i.makeFreeRtosPriority                   0x08006288   Section        0  cmsis_os.o(i.makeFreeRtosPriority)
    makeFreeRtosPriority                     0x08006289   Thumb Code    12  cmsis_os.o(i.makeFreeRtosPriority)
    i.osDelay                                0x08006294   Section        0  cmsis_os.o(i.osDelay)
    i.osKernelStart                          0x080062a2   Section        0  cmsis_os.o(i.osKernelStart)
    i.osThreadCreate                         0x080062ac   Section        0  cmsis_os.o(i.osThreadCreate)
    i.prvAddCurrentTaskToDelayedList         0x08006300   Section        0  tasks.o(i.prvAddCurrentTaskToDelayedList)
    prvAddCurrentTaskToDelayedList           0x08006301   Thumb Code   102  tasks.o(i.prvAddCurrentTaskToDelayedList)
    i.prvAddNewTaskToReadyList               0x08006370   Section        0  tasks.o(i.prvAddNewTaskToReadyList)
    prvAddNewTaskToReadyList                 0x08006371   Thumb Code   194  tasks.o(i.prvAddNewTaskToReadyList)
    i.prvDeleteTCB                           0x08006440   Section        0  tasks.o(i.prvDeleteTCB)
    prvDeleteTCB                             0x08006441   Thumb Code    52  tasks.o(i.prvDeleteTCB)
    i.prvHeapInit                            0x08006474   Section        0  heap_4.o(i.prvHeapInit)
    prvHeapInit                              0x08006475   Thumb Code    66  heap_4.o(i.prvHeapInit)
    i.prvIdleTask                            0x080064c0   Section        0  tasks.o(i.prvIdleTask)
    prvIdleTask                              0x080064c1   Thumb Code    82  tasks.o(i.prvIdleTask)
    i.prvInitialiseNewTask                   0x08006520   Section        0  tasks.o(i.prvInitialiseNewTask)
    prvInitialiseNewTask                     0x08006521   Thumb Code   142  tasks.o(i.prvInitialiseNewTask)
    i.prvInsertBlockIntoFreeList             0x080065b0   Section        0  heap_4.o(i.prvInsertBlockIntoFreeList)
    prvInsertBlockIntoFreeList               0x080065b1   Thumb Code    72  heap_4.o(i.prvInsertBlockIntoFreeList)
    i.prvResetNextTaskUnblockTime            0x080065fc   Section        0  tasks.o(i.prvResetNextTaskUnblockTime)
    prvResetNextTaskUnblockTime              0x080065fd   Thumb Code    26  tasks.o(i.prvResetNextTaskUnblockTime)
    i.prvTaskExitError                       0x0800661c   Section        0  port.o(i.prvTaskExitError)
    prvTaskExitError                         0x0800661d   Thumb Code    36  port.o(i.prvTaskExitError)
    i.pvPortMalloc                           0x08006644   Section        0  heap_4.o(i.pvPortMalloc)
    i.pxPortInitialiseStack                  0x0800671c   Section        0  port.o(i.pxPortInitialiseStack)
    i.uxListRemove                           0x08006740   Section        0  list.o(i.uxListRemove)
    i.vApplicationGetIdleTaskMemory          0x08006768   Section        0  freertos.o(i.vApplicationGetIdleTaskMemory)
    i.vListInitialise                        0x0800677c   Section        0  list.o(i.vListInitialise)
    i.vListInitialiseItem                    0x08006792   Section        0  list.o(i.vListInitialiseItem)
    i.vListInsert                            0x08006798   Section        0  list.o(i.vListInsert)
    i.vListInsertEnd                         0x080067c8   Section        0  list.o(i.vListInsertEnd)
    i.vPortEnterCritical                     0x080067e0   Section        0  port.o(i.vPortEnterCritical)
    i.vPortExitCritical                      0x08006820   Section        0  port.o(i.vPortExitCritical)
    i.vPortFree                              0x08006848   Section        0  heap_4.o(i.vPortFree)
    i.vPortSetupTimerInterrupt               0x080068a4   Section        0  port.o(i.vPortSetupTimerInterrupt)
    i.vTaskDelay                             0x080068c8   Section        0  tasks.o(i.vTaskDelay)
    i.vTaskStartScheduler                    0x08006914   Section        0  tasks.o(i.vTaskStartScheduler)
    i.vTaskSuspendAll                        0x08006980   Section        0  tasks.o(i.vTaskSuspendAll)
    i.vTaskSwitchContext                     0x08006990   Section        0  tasks.o(i.vTaskSwitchContext)
    i.xPortStartScheduler                    0x080069ec   Section        0  port.o(i.xPortStartScheduler)
    i.xTaskCreate                            0x08006a94   Section        0  tasks.o(i.xTaskCreate)
    i.xTaskCreateStatic                      0x08006aee   Section        0  tasks.o(i.xTaskCreateStatic)
    i.xTaskIncrementTick                     0x08006b44   Section        0  tasks.o(i.xTaskIncrementTick)
    i.xTaskResumeAll                         0x08006c0c   Section        0  tasks.o(i.xTaskResumeAll)
    .constdata                               0x08006cd0   Section       84  main.o(.constdata)
    .constdata                               0x08006d24   Section       16  system_stm32f1xx.o(.constdata)
    .constdata                               0x08006d34   Section        8  system_stm32f1xx.o(.constdata)
    .conststring                             0x08006d3c   Section       36  main.o(.conststring)
    .data                                    0x20000000   Section       16  main.o(.data)
    .data                                    0x20000010   Section       28  usbd_desc.o(.data)
    .data                                    0x2000002c   Section       50  usbd_desc.o(.data)
    .data                                    0x20000060   Section       12  usbd_cdc_if.o(.data)
    .data                                    0x2000006c   Section       16  usbd_cdc_if.o(.data)
    .data                                    0x2000007c   Section       12  stm32f1xx_hal.o(.data)
    .data                                    0x20000088   Section        4  system_stm32f1xx.o(.data)
    .data                                    0x2000008c   Section       60  tasks.o(.data)
    pxDelayedTaskList                        0x20000090   Data           4  tasks.o(.data)
    pxOverflowDelayedTaskList                0x20000094   Data           4  tasks.o(.data)
    uxDeletedTasksWaitingCleanUp             0x20000098   Data           4  tasks.o(.data)
    uxCurrentNumberOfTasks                   0x2000009c   Data           4  tasks.o(.data)
    xTickCount                               0x200000a0   Data           4  tasks.o(.data)
    uxTopReadyPriority                       0x200000a4   Data           4  tasks.o(.data)
    xSchedulerRunning                        0x200000a8   Data           4  tasks.o(.data)
    uxPendedTicks                            0x200000ac   Data           4  tasks.o(.data)
    xYieldPending                            0x200000b0   Data           4  tasks.o(.data)
    xNumOfOverflows                          0x200000b4   Data           4  tasks.o(.data)
    uxTaskNumber                             0x200000b8   Data           4  tasks.o(.data)
    xNextTaskUnblockTime                     0x200000bc   Data           4  tasks.o(.data)
    xIdleTaskHandle                          0x200000c0   Data           4  tasks.o(.data)
    uxSchedulerSuspended                     0x200000c4   Data           4  tasks.o(.data)
    .data                                    0x200000c8   Section       24  heap_4.o(.data)
    pxEnd                                    0x200000c8   Data           4  heap_4.o(.data)
    xFreeBytesRemaining                      0x200000cc   Data           4  heap_4.o(.data)
    xMinimumEverFreeBytesRemaining           0x200000d0   Data           4  heap_4.o(.data)
    xBlockAllocatedBit                       0x200000d4   Data           4  heap_4.o(.data)
    xStart                                   0x200000d8   Data           8  heap_4.o(.data)
    .data                                    0x200000e0   Section       12  port.o(.data)
    ucMaxSysCallPriority                     0x200000e0   Data           1  port.o(.data)
    uxCriticalNesting                        0x200000e4   Data           4  port.o(.data)
    ulMaxPRIGROUPValue                       0x200000e8   Data           4  port.o(.data)
    .data                                    0x200000ec   Section        1  usbd_ctlreq.o(.data)
    cfgidx                                   0x200000ec   Data           1  usbd_ctlreq.o(.data)
    .data                                    0x200000f0   Section      215  usbd_cdc.o(.data)
    USBD_CDC_DeviceQualifierDesc             0x200000f0   Data          10  usbd_cdc.o(.data)
    .data                                    0x200001c8   Section       56  usbd_cdc.o(.data)
    .bss                                     0x20000200   Section      240  main.o(.bss)
    .bss                                     0x200002f0   Section      596  freertos.o(.bss)
    xIdleTaskTCBBuffer                       0x200002f0   Data          84  freertos.o(.bss)
    xIdleStack                               0x20000344   Data         512  freertos.o(.bss)
    .bss                                     0x20000544   Section      708  usb_device.o(.bss)
    .bss                                     0x20000808   Section     1164  usbd_conf.o(.bss)
    mem                                      0x20000808   Data         544  usbd_conf.o(.bss)
    .bss                                     0x20000c94   Section      512  usbd_desc.o(.bss)
    .bss                                     0x20000e94   Section     2100  usbd_cdc_if.o(.bss)
    .bss                                     0x200016c8   Section       64  stm32f1xx_hal_timebase_tim.o(.bss)
    .bss                                     0x20001708   Section      240  tasks.o(.bss)
    pxReadyTasksLists                        0x20001708   Data         140  tasks.o(.bss)
    xDelayedTaskList1                        0x20001794   Data          20  tasks.o(.bss)
    xDelayedTaskList2                        0x200017a8   Data          20  tasks.o(.bss)
    xPendingReadyList                        0x200017bc   Data          20  tasks.o(.bss)
    xTasksWaitingTermination                 0x200017d0   Data          20  tasks.o(.bss)
    xSuspendedTaskList                       0x200017e4   Data          20  tasks.o(.bss)
    .bss                                     0x200017f8   Section     3072  heap_4.o(.bss)
    ucHeap                                   0x200017f8   Data        3072  heap_4.o(.bss)
    STACK                                    0x200023f8   Section     1024  startup_stm32f103xb.o(STACK)

    Global Symbols

    Symbol Name                              Value     Ov Type        Size  Object(Section)

    BuildAttributes$$THM_ISAv4$P$D$K$B$S$PE$A:L22UL41UL21$X:L11$S22US41US21$IEEE1$IW$USESV6$~STKCKD$USESV7$~SHL$OTIME$ROPI$EBA8$MICROLIB$REQ8$PRES8$EABIv2 0x00000000   Number         0  anon$$obj.o ABSOLUTE
    __ARM_use_no_argv                        0x00000000   Number         0  main.o ABSOLUTE
    __cpp_initialize__aeabi_                  - Undefined Weak Reference
    __cxa_finalize                            - Undefined Weak Reference
    _clock_init                               - Undefined Weak Reference
    _microlib_exit                            - Undefined Weak Reference
    __Vectors_Size                           0x000000ec   Number         0  startup_stm32f103xb.o ABSOLUTE
    __Vectors                                0x08000000   Data           4  startup_stm32f103xb.o(RESET)
    __Vectors_End                            0x080000ec   Data           0  startup_stm32f103xb.o(RESET)
    __main                                   0x080000ed   Thumb Code     0  entry.o(.ARM.Collect$$$$00000000)
    _main_stk                                0x080000ed   Thumb Code     0  entry2.o(.ARM.Collect$$$$00000001)
    _main_scatterload                        0x080000f1   Thumb Code     0  entry5.o(.ARM.Collect$$$$00000004)
    __main_after_scatterload                 0x080000f5   Thumb Code     0  entry5.o(.ARM.Collect$$$$00000004)
    _main_clock                              0x080000f5   Thumb Code     0  entry7b.o(.ARM.Collect$$$$00000008)
    _main_cpp_init                           0x080000f5   Thumb Code     0  entry8b.o(.ARM.Collect$$$$0000000A)
    _main_init                               0x080000f5   Thumb Code     0  entry9a.o(.ARM.Collect$$$$0000000B)
    __rt_final_cpp                           0x080000fd   Thumb Code     0  entry10a.o(.ARM.Collect$$$$0000000D)
    __rt_final_exit                          0x080000fd   Thumb Code     0  entry11a.o(.ARM.Collect$$$$0000000F)
    SVC_Handler                              0x08000101   Thumb Code    32  port.o(.emb_text)
    __asm___6_port_c_39a90d8d__prvStartFirstTask 0x08000125   Thumb Code    28  port.o(.emb_text)
    PendSV_Handler                           0x08000145   Thumb Code    72  port.o(.emb_text)
    vPortGetIPSR                             0x08000191   Thumb Code     6  port.o(.emb_text)
    Reset_Handler                            0x08000199   Thumb Code     8  startup_stm32f103xb.o(.text)
    ADC1_2_IRQHandler                        0x080001b3   Thumb Code     0  startup_stm32f103xb.o(.text)
    CAN1_RX1_IRQHandler                      0x080001b3   Thumb Code     0  startup_stm32f103xb.o(.text)
    CAN1_SCE_IRQHandler                      0x080001b3   Thumb Code     0  startup_stm32f103xb.o(.text)
    DMA1_Channel1_IRQHandler                 0x080001b3   Thumb Code     0  startup_stm32f103xb.o(.text)
    DMA1_Channel2_IRQHandler                 0x080001b3   Thumb Code     0  startup_stm32f103xb.o(.text)
    DMA1_Channel3_IRQHandler                 0x080001b3   Thumb Code     0  startup_stm32f103xb.o(.text)
    DMA1_Channel4_IRQHandler                 0x080001b3   Thumb Code     0  startup_stm32f103xb.o(.text)
    DMA1_Channel5_IRQHandler                 0x080001b3   Thumb Code     0  startup_stm32f103xb.o(.text)
    DMA1_Channel6_IRQHandler                 0x080001b3   Thumb Code     0  startup_stm32f103xb.o(.text)
    DMA1_Channel7_IRQHandler                 0x080001b3   Thumb Code     0  startup_stm32f103xb.o(.text)
    EXTI0_IRQHandler                         0x080001b3   Thumb Code     0  startup_stm32f103xb.o(.text)
    EXTI15_10_IRQHandler                     0x080001b3   Thumb Code     0  startup_stm32f103xb.o(.text)
    EXTI1_IRQHandler                         0x080001b3   Thumb Code     0  startup_stm32f103xb.o(.text)
    EXTI2_IRQHandler                         0x080001b3   Thumb Code     0  startup_stm32f103xb.o(.text)
    EXTI3_IRQHandler                         0x080001b3   Thumb Code     0  startup_stm32f103xb.o(.text)
    EXTI4_IRQHandler                         0x080001b3   Thumb Code     0  startup_stm32f103xb.o(.text)
    EXTI9_5_IRQHandler                       0x080001b3   Thumb Code     0  startup_stm32f103xb.o(.text)
    FLASH_IRQHandler                         0x080001b3   Thumb Code     0  startup_stm32f103xb.o(.text)
    I2C2_ER_IRQHandler                       0x080001b3   Thumb Code     0  startup_stm32f103xb.o(.text)
    I2C2_EV_IRQHandler                       0x080001b3   Thumb Code     0  startup_stm32f103xb.o(.text)
    PVD_IRQHandler                           0x080001b3   Thumb Code     0  startup_stm32f103xb.o(.text)
    RCC_IRQHandler                           0x080001b3   Thumb Code     0  startup_stm32f103xb.o(.text)
    RTC_Alarm_IRQHandler                     0x080001b3   Thumb Code     0  startup_stm32f103xb.o(.text)
    RTC_IRQHandler                           0x080001b3   Thumb Code     0  startup_stm32f103xb.o(.text)
    SPI1_IRQHandler                          0x080001b3   Thumb Code     0  startup_stm32f103xb.o(.text)
    SPI2_IRQHandler                          0x080001b3   Thumb Code     0  startup_stm32f103xb.o(.text)
    TAMPER_IRQHandler                        0x080001b3   Thumb Code     0  startup_stm32f103xb.o(.text)
    TIM1_BRK_IRQHandler                      0x080001b3   Thumb Code     0  startup_stm32f103xb.o(.text)
    TIM1_CC_IRQHandler                       0x080001b3   Thumb Code     0  startup_stm32f103xb.o(.text)
    TIM1_TRG_COM_IRQHandler                  0x080001b3   Thumb Code     0  startup_stm32f103xb.o(.text)
    TIM2_IRQHandler                          0x080001b3   Thumb Code     0  startup_stm32f103xb.o(.text)
    TIM3_IRQHandler                          0x080001b3   Thumb Code     0  startup_stm32f103xb.o(.text)
    TIM4_IRQHandler                          0x080001b3   Thumb Code     0  startup_stm32f103xb.o(.text)
    USART2_IRQHandler                        0x080001b3   Thumb Code     0  startup_stm32f103xb.o(.text)
    USART3_IRQHandler                        0x080001b3   Thumb Code     0  startup_stm32f103xb.o(.text)
    USBWakeUp_IRQHandler                     0x080001b3   Thumb Code     0  startup_stm32f103xb.o(.text)
    USB_HP_CAN1_TX_IRQHandler                0x080001b3   Thumb Code     0  startup_stm32f103xb.o(.text)
    WWDG_IRQHandler                          0x080001b3   Thumb Code     0  startup_stm32f103xb.o(.text)
    __aeabi_memcpy                           0x080001bd   Thumb Code    36  memcpya.o(.text)
    __aeabi_memcpy4                          0x080001bd   Thumb Code     0  memcpya.o(.text)
    __aeabi_memcpy8                          0x080001bd   Thumb Code     0  memcpya.o(.text)
    __aeabi_memset                           0x080001e1   Thumb Code    14  memseta.o(.text)
    __aeabi_memset4                          0x080001e1   Thumb Code     0  memseta.o(.text)
    __aeabi_memset8                          0x080001e1   Thumb Code     0  memseta.o(.text)
    __aeabi_memclr                           0x080001ef   Thumb Code     4  memseta.o(.text)
    __aeabi_memclr4                          0x080001ef   Thumb Code     0  memseta.o(.text)
    __aeabi_memclr8                          0x080001ef   Thumb Code     0  memseta.o(.text)
    memset                                   0x080001f3   Thumb Code    18  memseta.o(.text)
    strlen                                   0x08000205   Thumb Code    14  strlen.o(.text)
    __scatterload                            0x08000215   Thumb Code    28  init.o(.text)
    __scatterload_rt2                        0x08000215   Thumb Code     0  init.o(.text)
    __decompress                             0x08000239   Thumb Code     0  __dczerorl2.o(.text)
    __decompress1                            0x08000239   Thumb Code    86  __dczerorl2.o(.text)
    BusFault_Handler                         0x0800028f   Thumb Code     2  stm32f1xx_it.o(i.BusFault_Handler)
    CDC_Transmit_FS                          0x08000319   Thumb Code    38  usbd_cdc_if.o(i.CDC_Transmit_FS)
    DebugMon_Handler                         0x08000345   Thumb Code     2  stm32f1xx_it.o(i.DebugMon_Handler)
    Error_Handler                            0x08000347   Thumb Code     2  main.o(i.Error_Handler)
    HAL_DMA_Abort_IT                         0x08000349   Thumb Code   148  stm32f1xx_hal_dma.o(i.HAL_DMA_Abort_IT)
    HAL_DMA_GetState                         0x080003e1   Thumb Code     6  stm32f1xx_hal_dma.o(i.HAL_DMA_GetState)
    HAL_Delay                                0x080003e9   Thumb Code    32  stm32f1xx_hal.o(i.HAL_Delay)
    HAL_GPIO_Init                            0x0800040d   Thumb Code   674  stm32f1xx_hal_gpio.o(i.HAL_GPIO_Init)
    HAL_GPIO_WritePin                        0x08000731   Thumb Code    46  stm32f1xx_hal_gpio.o(i.HAL_GPIO_WritePin)
    HAL_GetTick                              0x0800079d   Thumb Code     6  stm32f1xx_hal.o(i.HAL_GetTick)
    HAL_I2C_AbortCpltCallback                0x080007a9   Thumb Code     2  stm32f1xx_hal_i2c.o(i.HAL_I2C_AbortCpltCallback)
    HAL_I2C_AddrCallback                     0x080007ab   Thumb Code     2  stm32f1xx_hal_i2c.o(i.HAL_I2C_AddrCallback)
    HAL_I2C_ER_IRQHandler                    0x080007ad   Thumb Code   196  stm32f1xx_hal_i2c.o(i.HAL_I2C_ER_IRQHandler)
    HAL_I2C_EV_IRQHandler                    0x08000871   Thumb Code   602  stm32f1xx_hal_i2c.o(i.HAL_I2C_EV_IRQHandler)
    HAL_I2C_ErrorCallback                    0x08000acb   Thumb Code     2  stm32f1xx_hal_i2c.o(i.HAL_I2C_ErrorCallback)
    HAL_I2C_Init                             0x08000acd   Thumb Code   536  stm32f1xx_hal_i2c.o(i.HAL_I2C_Init)
    HAL_I2C_IsDeviceReady                    0x08000d39   Thumb Code   336  stm32f1xx_hal_i2c.o(i.HAL_I2C_IsDeviceReady)
    HAL_I2C_ListenCpltCallback               0x08000e91   Thumb Code     2  stm32f1xx_hal_i2c.o(i.HAL_I2C_ListenCpltCallback)
    HAL_I2C_MasterRxCpltCallback             0x08000e93   Thumb Code     2  stm32f1xx_hal_i2c.o(i.HAL_I2C_MasterRxCpltCallback)
    HAL_I2C_MasterTxCpltCallback             0x08000e95   Thumb Code     2  stm32f1xx_hal_i2c.o(i.HAL_I2C_MasterTxCpltCallback)
    HAL_I2C_Master_Receive                   0x08000e99   Thumb Code   512  stm32f1xx_hal_i2c.o(i.HAL_I2C_Master_Receive)
    HAL_I2C_Master_Transmit                  0x080010a5   Thumb Code   290  stm32f1xx_hal_i2c.o(i.HAL_I2C_Master_Transmit)
    HAL_I2C_MemRxCpltCallback                0x080011d1   Thumb Code     2  stm32f1xx_hal_i2c.o(i.HAL_I2C_MemRxCpltCallback)
    HAL_I2C_MemTxCpltCallback                0x080011d3   Thumb Code     2  stm32f1xx_hal_i2c.o(i.HAL_I2C_MemTxCpltCallback)
    HAL_I2C_MspInit                          0x080011d5   Thumb Code   112  stm32f1xx_hal_msp.o(i.HAL_I2C_MspInit)
    HAL_I2C_SlaveRxCpltCallback              0x08001251   Thumb Code     2  stm32f1xx_hal_i2c.o(i.HAL_I2C_SlaveRxCpltCallback)
    HAL_I2C_SlaveTxCpltCallback              0x08001253   Thumb Code     2  stm32f1xx_hal_i2c.o(i.HAL_I2C_SlaveTxCpltCallback)
    HAL_IncTick                              0x08001255   Thumb Code    12  stm32f1xx_hal.o(i.HAL_IncTick)
    HAL_Init                                 0x08001265   Thumb Code    32  stm32f1xx_hal.o(i.HAL_Init)
    HAL_InitTick                             0x08001289   Thumb Code    98  stm32f1xx_hal_timebase_tim.o(i.HAL_InitTick)
    HAL_MspInit                              0x080012fd   Thumb Code    62  stm32f1xx_hal_msp.o(i.HAL_MspInit)
    HAL_NVIC_EnableIRQ                       0x08001345   Thumb Code    40  stm32f1xx_hal_cortex.o(i.HAL_NVIC_EnableIRQ)
    HAL_NVIC_SetPriority                     0x080013a9   Thumb Code    94  stm32f1xx_hal_cortex.o(i.HAL_NVIC_SetPriority)
    HAL_NVIC_SetPriorityGrouping             0x08001449   Thumb Code    58  stm32f1xx_hal_cortex.o(i.HAL_NVIC_SetPriorityGrouping)
    HAL_PCDEx_PMAConfig                      0x080014c9   Thumb Code    52  stm32f1xx_hal_pcd_ex.o(i.HAL_PCDEx_PMAConfig)
    HAL_PCDEx_SetConnectionState             0x080014fd   Thumb Code     2  usbd_conf.o(i.HAL_PCDEx_SetConnectionState)
    HAL_PCD_DataInStageCallback              0x080014ff   Thumb Code    14  usbd_conf.o(i.HAL_PCD_DataInStageCallback)
    HAL_PCD_DataOutStageCallback             0x0800150d   Thumb Code    16  usbd_conf.o(i.HAL_PCD_DataOutStageCallback)
    HAL_PCD_EP_Close                         0x0800151d   Thumb Code    72  stm32f1xx_hal_pcd.o(i.HAL_PCD_EP_Close)
    HAL_PCD_EP_ClrStall                      0x08001565   Thumb Code    88  stm32f1xx_hal_pcd.o(i.HAL_PCD_EP_ClrStall)
    HAL_PCD_EP_GetRxCount                    0x080015bd   Thumb Code    14  stm32f1xx_hal_pcd.o(i.HAL_PCD_EP_GetRxCount)
    HAL_PCD_EP_Open                          0x080015cb   Thumb Code    92  stm32f1xx_hal_pcd.o(i.HAL_PCD_EP_Open)
    HAL_PCD_EP_Receive                       0x08001627   Thumb Code    46  stm32f1xx_hal_pcd.o(i.HAL_PCD_EP_Receive)
    HAL_PCD_EP_SetStall                      0x08001655   Thumb Code   106  stm32f1xx_hal_pcd.o(i.HAL_PCD_EP_SetStall)
    HAL_PCD_EP_Transmit                      0x080016bf   Thumb Code    42  stm32f1xx_hal_pcd.o(i.HAL_PCD_EP_Transmit)
    HAL_PCD_IRQHandler                       0x080016e9   Thumb Code   278  stm32f1xx_hal_pcd.o(i.HAL_PCD_IRQHandler)
    HAL_PCD_Init                             0x08001801   Thumb Code   226  stm32f1xx_hal_pcd.o(i.HAL_PCD_Init)
    HAL_PCD_MspInit                          0x08001921   Thumb Code    50  usbd_conf.o(i.HAL_PCD_MspInit)
    HAL_PCD_ResetCallback                    0x0800195d   Thumb Code    38  usbd_conf.o(i.HAL_PCD_ResetCallback)
    HAL_PCD_ResumeCallback                   0x08001983   Thumb Code     8  usbd_conf.o(i.HAL_PCD_ResumeCallback)
    HAL_PCD_SOFCallback                      0x0800198b   Thumb Code     8  usbd_conf.o(i.HAL_PCD_SOFCallback)
    HAL_PCD_SetAddress                       0x08001993   Thumb Code    40  stm32f1xx_hal_pcd.o(i.HAL_PCD_SetAddress)
    HAL_PCD_SetupStageCallback               0x080019bb   Thumb Code    14  usbd_conf.o(i.HAL_PCD_SetupStageCallback)
    HAL_PCD_Start                            0x080019c9   Thumb Code    50  stm32f1xx_hal_pcd.o(i.HAL_PCD_Start)
    HAL_PCD_SuspendCallback                  0x080019fd   Thumb Code    30  usbd_conf.o(i.HAL_PCD_SuspendCallback)
    HAL_RCCEx_PeriphCLKConfig                0x08001a21   Thumb Code   330  stm32f1xx_hal_rcc_ex.o(i.HAL_RCCEx_PeriphCLKConfig)
    HAL_RCC_ClockConfig                      0x08001bb5   Thumb Code   480  stm32f1xx_hal_rcc.o(i.HAL_RCC_ClockConfig)
    HAL_RCC_GetClockConfig                   0x08001de1   Thumb Code    84  stm32f1xx_hal_rcc.o(i.HAL_RCC_GetClockConfig)
    HAL_RCC_GetPCLK1Freq                     0x08001e75   Thumb Code    20  stm32f1xx_hal_rcc.o(i.HAL_RCC_GetPCLK1Freq)
    HAL_RCC_GetPCLK2Freq                     0x08001e95   Thumb Code    20  stm32f1xx_hal_rcc.o(i.HAL_RCC_GetPCLK2Freq)
    HAL_RCC_GetSysClockFreq                  0x08001eb5   Thumb Code    74  stm32f1xx_hal_rcc.o(i.HAL_RCC_GetSysClockFreq)
    HAL_RCC_OscConfig                        0x08001f21   Thumb Code  1166  stm32f1xx_hal_rcc.o(i.HAL_RCC_OscConfig)
    HAL_TIMEx_BreakCallback                  0x080023af   Thumb Code     2  stm32f1xx_hal_tim_ex.o(i.HAL_TIMEx_BreakCallback)
    HAL_TIMEx_CommutCallback                 0x080023b1   Thumb Code     2  stm32f1xx_hal_tim_ex.o(i.HAL_TIMEx_CommutCallback)
    HAL_TIMEx_MasterConfigSynchronization    0x080023b5   Thumb Code   164  stm32f1xx_hal_tim_ex.o(i.HAL_TIMEx_MasterConfigSynchronization)
    HAL_TIM_Base_Init                        0x080024a1   Thumb Code   164  stm32f1xx_hal_tim.o(i.HAL_TIM_Base_Init)
    HAL_TIM_Base_MspInit                     0x08002589   Thumb Code    30  stm32f1xx_hal_msp.o(i.HAL_TIM_Base_MspInit)
    HAL_TIM_Base_Start_IT                    0x080025b1   Thumb Code    74  stm32f1xx_hal_tim.o(i.HAL_TIM_Base_Start_IT)
    HAL_TIM_ConfigClockSource                0x08002641   Thumb Code   754  stm32f1xx_hal_tim.o(i.HAL_TIM_ConfigClockSource)
    HAL_TIM_IC_CaptureCallback               0x08002979   Thumb Code     2  stm32f1xx_hal_tim.o(i.HAL_TIM_IC_CaptureCallback)
    HAL_TIM_IRQHandler                       0x0800297b   Thumb Code   358  stm32f1xx_hal_tim.o(i.HAL_TIM_IRQHandler)
    HAL_TIM_MspPostInit                      0x08002ae1   Thumb Code    62  stm32f1xx_hal_msp.o(i.HAL_TIM_MspPostInit)
    HAL_TIM_OC_DelayElapsedCallback          0x08002b2d   Thumb Code     2  stm32f1xx_hal_tim.o(i.HAL_TIM_OC_DelayElapsedCallback)
    HAL_TIM_PWM_ConfigChannel                0x08002b31   Thumb Code   428  stm32f1xx_hal_tim.o(i.HAL_TIM_PWM_ConfigChannel)
    HAL_TIM_PWM_Init                         0x08002d21   Thumb Code   164  stm32f1xx_hal_tim.o(i.HAL_TIM_PWM_Init)
    HAL_TIM_PWM_MspInit                      0x08002e09   Thumb Code     2  stm32f1xx_hal_tim.o(i.HAL_TIM_PWM_MspInit)
    HAL_TIM_PWM_PulseFinishedCallback        0x08002e0b   Thumb Code     2  stm32f1xx_hal_tim.o(i.HAL_TIM_PWM_PulseFinishedCallback)
    HAL_TIM_PWM_Start                        0x08002e0d   Thumb Code   132  stm32f1xx_hal_tim.o(i.HAL_TIM_PWM_Start)
    HAL_TIM_PeriodElapsedCallback            0x08002ed5   Thumb Code    14  main.o(i.HAL_TIM_PeriodElapsedCallback)
    HAL_TIM_TriggerCallback                  0x08002ee9   Thumb Code     2  stm32f1xx_hal_tim.o(i.HAL_TIM_TriggerCallback)
    HAL_UART_ErrorCallback                   0x08002eeb   Thumb Code     2  stm32f1xx_hal_uart.o(i.HAL_UART_ErrorCallback)
    HAL_UART_IRQHandler                      0x08002eed   Thumb Code   266  stm32f1xx_hal_uart.o(i.HAL_UART_IRQHandler)
    HAL_UART_Init                            0x08002ffd   Thumb Code   204  stm32f1xx_hal_uart.o(i.HAL_UART_Init)
    HAL_UART_MspInit                         0x08003111   Thumb Code   116  stm32f1xx_hal_msp.o(i.HAL_UART_MspInit)
    HAL_UART_RxCpltCallback                  0x08003191   Thumb Code     2  stm32f1xx_hal_uart.o(i.HAL_UART_RxCpltCallback)
    HAL_UART_Transmit                        0x08003193   Thumb Code   186  stm32f1xx_hal_uart.o(i.HAL_UART_Transmit)
    HAL_UART_TxCpltCallback                  0x0800324d   Thumb Code     2  stm32f1xx_hal_uart.o(i.HAL_UART_TxCpltCallback)
    HardFault_Handler                        0x0800324f   Thumb Code     2  stm32f1xx_it.o(i.HardFault_Handler)
    I2C1_ER_IRQHandler                       0x08003251   Thumb Code     6  stm32f1xx_it.o(i.I2C1_ER_IRQHandler)
    I2C1_EV_IRQHandler                       0x0800325d   Thumb Code     6  stm32f1xx_it.o(i.I2C1_EV_IRQHandler)
    MX_USB_DEVICE_Init                       0x08004005   Thumb Code    66  usb_device.o(i.MX_USB_DEVICE_Init)
    MemManage_Handler                        0x08004059   Thumb Code     2  stm32f1xx_it.o(i.MemManage_Handler)
    NMI_Handler                              0x0800405b   Thumb Code     2  stm32f1xx_it.o(i.NMI_Handler)
    SD_MPU6050_Init                          0x0800431f   Thumb Code   160  sd_hal_mpu6050.o(i.SD_MPU6050_Init)
    SD_MPU6050_SetAccelerometer              0x080043bf   Thumb Code   140  sd_hal_mpu6050.o(i.SD_MPU6050_SetAccelerometer)
    SD_MPU6050_SetDataRate                   0x0800444b   Thumb Code    40  sd_hal_mpu6050.o(i.SD_MPU6050_SetDataRate)
    SD_MPU6050_SetGyroscope                  0x08004475   Thumb Code   132  sd_hal_mpu6050.o(i.SD_MPU6050_SetGyroscope)
    StartDefaultTask                         0x08004509   Thumb Code    12  main.o(i.StartDefaultTask)
    StartTask02                              0x08004515   Thumb Code    76  main.o(i.StartTask02)
    StartTask03                              0x08004575   Thumb Code    60  main.o(i.StartTask03)
    SysTick_Handler                          0x080045bd   Thumb Code    38  port.o(i.SysTick_Handler)
    SystemClock_Config                       0x080045e9   Thumb Code    96  main.o(i.SystemClock_Config)
    SystemInit                               0x08004649   Thumb Code    56  system_stm32f1xx.o(i.SystemInit)
    TIM1_UP_IRQHandler                       0x08004691   Thumb Code     6  stm32f1xx_it.o(i.TIM1_UP_IRQHandler)
    TIM_Base_SetConfig                       0x0800469d   Thumb Code    94  stm32f1xx_hal_tim.o(i.TIM_Base_SetConfig)
    TIM_CCxChannelCmd                        0x08004709   Thumb Code    94  stm32f1xx_hal_tim.o(i.TIM_CCxChannelCmd)
    TIM_ETR_SetConfig                        0x080047ad   Thumb Code    20  stm32f1xx_hal_tim.o(i.TIM_ETR_SetConfig)
    TIM_OC2_SetConfig                        0x0800489d   Thumb Code   152  stm32f1xx_hal_tim.o(i.TIM_OC2_SetConfig)
    USART1_IRQHandler                        0x08004dfd   Thumb Code     6  stm32f1xx_it.o(i.USART1_IRQHandler)
    USBD_CDC_GetDeviceQualifierDescriptor    0x08004ee5   Thumb Code     8  usbd_cdc.o(i.USBD_CDC_GetDeviceQualifierDescriptor)
    USBD_CDC_ReceivePacket                   0x08004fa9   Thumb Code    40  usbd_cdc.o(i.USBD_CDC_ReceivePacket)
    USBD_CDC_RegisterInterface               0x08004fd1   Thumb Code    16  usbd_cdc.o(i.USBD_CDC_RegisterInterface)
    USBD_CDC_SetRxBuffer                     0x08004fe1   Thumb Code    12  usbd_cdc.o(i.USBD_CDC_SetRxBuffer)
    USBD_CDC_SetTxBuffer                     0x08004fed   Thumb Code    16  usbd_cdc.o(i.USBD_CDC_SetTxBuffer)
    USBD_CDC_TransmitPacket                  0x080050a9   Thumb Code    54  usbd_cdc.o(i.USBD_CDC_TransmitPacket)
    USBD_ClrClassConfig                      0x080050df   Thumb Code    14  usbd_core.o(i.USBD_ClrClassConfig)
    USBD_CtlContinueRx                       0x080050ed   Thumb Code    16  usbd_ioreq.o(i.USBD_CtlContinueRx)
    USBD_CtlContinueSendData                 0x080050fd   Thumb Code    16  usbd_ioreq.o(i.USBD_CtlContinueSendData)
    USBD_CtlError                            0x0800510d   Thumb Code    22  usbd_ctlreq.o(i.USBD_CtlError)
    USBD_CtlPrepareRx                        0x08005123   Thumb Code    30  usbd_ioreq.o(i.USBD_CtlPrepareRx)
    USBD_CtlReceiveStatus                    0x08005141   Thumb Code    22  usbd_ioreq.o(i.USBD_CtlReceiveStatus)
    USBD_CtlSendData                         0x08005157   Thumb Code    26  usbd_ioreq.o(i.USBD_CtlSendData)
    USBD_CtlSendStatus                       0x08005171   Thumb Code    22  usbd_ioreq.o(i.USBD_CtlSendStatus)
    USBD_FS_ConfigStrDescriptor              0x08005189   Thumb Code    16  usbd_desc.o(i.USBD_FS_ConfigStrDescriptor)
    USBD_FS_DeviceDescriptor                 0x080051a9   Thumb Code     8  usbd_desc.o(i.USBD_FS_DeviceDescriptor)
    USBD_FS_InterfaceStrDescriptor           0x080051b5   Thumb Code    16  usbd_desc.o(i.USBD_FS_InterfaceStrDescriptor)
    USBD_FS_LangIDStrDescriptor              0x080051d9   Thumb Code     8  usbd_desc.o(i.USBD_FS_LangIDStrDescriptor)
    USBD_FS_ManufacturerStrDescriptor        0x080051e5   Thumb Code    16  usbd_desc.o(i.USBD_FS_ManufacturerStrDescriptor)
    USBD_FS_ProductStrDescriptor             0x0800520d   Thumb Code    16  usbd_desc.o(i.USBD_FS_ProductStrDescriptor)
    USBD_FS_SerialStrDescriptor              0x08005239   Thumb Code    48  usbd_desc.o(i.USBD_FS_SerialStrDescriptor)
    USBD_GetString                           0x08005359   Thumb Code    72  usbd_ctlreq.o(i.USBD_GetString)
    USBD_Init                                0x080053b9   Thumb Code    42  usbd_core.o(i.USBD_Init)
    USBD_LL_ClearStallEP                     0x080053e3   Thumb Code    18  usbd_conf.o(i.USBD_LL_ClearStallEP)
    USBD_LL_CloseEP                          0x080053f5   Thumb Code    18  usbd_conf.o(i.USBD_LL_CloseEP)
    USBD_LL_DataInStage                      0x08005407   Thumb Code   198  usbd_core.o(i.USBD_LL_DataInStage)
    USBD_LL_DataOutStage                     0x080054cd   Thumb Code   130  usbd_core.o(i.USBD_LL_DataOutStage)
    USBD_LL_GetRxDataSize                    0x0800554f   Thumb Code     8  usbd_conf.o(i.USBD_LL_GetRxDataSize)
    USBD_LL_Init                             0x08005559   Thumb Code   118  usbd_conf.o(i.USBD_LL_Init)
    USBD_LL_IsStallEP                        0x080055d9   Thumb Code    28  usbd_conf.o(i.USBD_LL_IsStallEP)
    USBD_LL_OpenEP                           0x080055f5   Thumb Code    24  usbd_conf.o(i.USBD_LL_OpenEP)
    USBD_LL_PrepareReceive                   0x0800560d   Thumb Code    18  usbd_conf.o(i.USBD_LL_PrepareReceive)
    USBD_LL_Reset                            0x0800561f   Thumb Code    80  usbd_core.o(i.USBD_LL_Reset)
    USBD_LL_Resume                           0x0800566f   Thumb Code    20  usbd_core.o(i.USBD_LL_Resume)
    USBD_LL_SOF                              0x08005683   Thumb Code    24  usbd_core.o(i.USBD_LL_SOF)
    USBD_LL_SetSpeed                         0x0800569b   Thumb Code     6  usbd_core.o(i.USBD_LL_SetSpeed)
    USBD_LL_SetUSBAddress                    0x080056a1   Thumb Code    18  usbd_conf.o(i.USBD_LL_SetUSBAddress)
    USBD_LL_SetupStage                       0x080056b3   Thumb Code    90  usbd_core.o(i.USBD_LL_SetupStage)
    USBD_LL_StallEP                          0x0800570d   Thumb Code    18  usbd_conf.o(i.USBD_LL_StallEP)
    USBD_LL_Start                            0x0800571f   Thumb Code    18  usbd_conf.o(i.USBD_LL_Start)
    USBD_LL_Suspend                          0x08005731   Thumb Code    18  usbd_core.o(i.USBD_LL_Suspend)
    USBD_LL_Transmit                         0x08005743   Thumb Code    18  usbd_conf.o(i.USBD_LL_Transmit)
    USBD_ParseSetupRequest                   0x08005755   Thumb Code    40  usbd_ctlreq.o(i.USBD_ParseSetupRequest)
    USBD_RegisterClass                       0x0800577d   Thumb Code    16  usbd_core.o(i.USBD_RegisterClass)
    USBD_SetClassConfig                      0x0800578d   Thumb Code    22  usbd_core.o(i.USBD_SetClassConfig)
    USBD_Start                               0x08005829   Thumb Code    10  usbd_core.o(i.USBD_Start)
    USBD_StdDevReq                           0x08005833   Thumb Code   274  usbd_ctlreq.o(i.USBD_StdDevReq)
    USBD_StdEPReq                            0x08005945   Thumb Code   336  usbd_ctlreq.o(i.USBD_StdEPReq)
    USBD_StdItfReq                           0x08005a95   Thumb Code    78  usbd_ctlreq.o(i.USBD_StdItfReq)
    USBD_static_free                         0x08005ae3   Thumb Code     2  usbd_conf.o(i.USBD_static_free)
    USBD_static_malloc                       0x08005ae5   Thumb Code     4  usbd_conf.o(i.USBD_static_malloc)
    USB_ActivateEndpoint                     0x08005aed   Thumb Code   614  stm32f1xx_ll_usb.o(i.USB_ActivateEndpoint)
    USB_CoreInit                             0x08005d53   Thumb Code     4  stm32f1xx_ll_usb.o(i.USB_CoreInit)
    USB_DeactivateEndpoint                   0x08005d57   Thumb Code   270  stm32f1xx_ll_usb.o(i.USB_DeactivateEndpoint)
    USB_DevConnect                           0x08005e65   Thumb Code     4  stm32f1xx_ll_usb.o(i.USB_DevConnect)
    USB_DevDisconnect                        0x08005e69   Thumb Code     4  stm32f1xx_ll_usb.o(i.USB_DevDisconnect)
    USB_DevInit                              0x08005e6d   Thumb Code    30  stm32f1xx_ll_usb.o(i.USB_DevInit)
    USB_DisableGlobalInt                     0x08005e8b   Thumb Code    14  stm32f1xx_ll_usb.o(i.USB_DisableGlobalInt)
    USB_EP0_OutStart                         0x08005e99   Thumb Code     4  stm32f1xx_ll_usb.o(i.USB_EP0_OutStart)
    USB_EPClearStall                         0x08005e9d   Thumb Code   120  stm32f1xx_ll_usb.o(i.USB_EPClearStall)
    USB_EPSetStall                           0x08005f15   Thumb Code    50  stm32f1xx_ll_usb.o(i.USB_EPSetStall)
    USB_EPStartXfer                          0x08005f47   Thumb Code   412  stm32f1xx_ll_usb.o(i.USB_EPStartXfer)
    USB_EnableGlobalInt                      0x080060e3   Thumb Code    14  stm32f1xx_ll_usb.o(i.USB_EnableGlobalInt)
    USB_LP_CAN1_RX0_IRQHandler               0x080060f1   Thumb Code     6  stm32f1xx_it.o(i.USB_LP_CAN1_RX0_IRQHandler)
    USB_ReadInterrupts                       0x080060fd   Thumb Code     6  stm32f1xx_ll_usb.o(i.USB_ReadInterrupts)
    USB_ReadPMA                              0x08006105   Thumb Code    44  stm32f1xx_ll_usb.o(i.USB_ReadPMA)
    USB_SetCurrentMode                       0x08006131   Thumb Code     4  stm32f1xx_ll_usb.o(i.USB_SetCurrentMode)
    USB_SetDevAddress                        0x08006135   Thumb Code    12  stm32f1xx_ll_usb.o(i.USB_SetDevAddress)
    USB_WritePMA                             0x08006141   Thumb Code    38  stm32f1xx_ll_usb.o(i.USB_WritePMA)
    UsageFault_Handler                       0x08006167   Thumb Code     2  stm32f1xx_it.o(i.UsageFault_Handler)
    __scatterload_copy                       0x08006189   Thumb Code    14  handlers.o(i.__scatterload_copy)
    __scatterload_null                       0x08006197   Thumb Code     2  handlers.o(i.__scatterload_null)
    __scatterload_zeroinit                   0x08006199   Thumb Code    14  handlers.o(i.__scatterload_zeroinit)
    assert_failed                            0x080061a7   Thumb Code     2  main.o(i.assert_failed)
    main                                     0x080061a9   Thumb Code   190  main.o(i.main)
    osDelay                                  0x08006295   Thumb Code    14  cmsis_os.o(i.osDelay)
    osKernelStart                            0x080062a3   Thumb Code    10  cmsis_os.o(i.osKernelStart)
    osThreadCreate                           0x080062ad   Thumb Code    84  cmsis_os.o(i.osThreadCreate)
    pvPortMalloc                             0x08006645   Thumb Code   210  heap_4.o(i.pvPortMalloc)
    pxPortInitialiseStack                    0x0800671d   Thumb Code    32  port.o(i.pxPortInitialiseStack)
    uxListRemove                             0x08006741   Thumb Code    38  list.o(i.uxListRemove)
    vApplicationGetIdleTaskMemory            0x08006769   Thumb Code    16  freertos.o(i.vApplicationGetIdleTaskMemory)
    vListInitialise                          0x0800677d   Thumb Code    22  list.o(i.vListInitialise)
    vListInitialiseItem                      0x08006793   Thumb Code     6  list.o(i.vListInitialiseItem)
    vListInsert                              0x08006799   Thumb Code    48  list.o(i.vListInsert)
    vListInsertEnd                           0x080067c9   Thumb Code    24  list.o(i.vListInsertEnd)
    vPortEnterCritical                       0x080067e1   Thumb Code    54  port.o(i.vPortEnterCritical)
    vPortExitCritical                        0x08006821   Thumb Code    34  port.o(i.vPortExitCritical)
    vPortFree                                0x08006849   Thumb Code    88  heap_4.o(i.vPortFree)
    vPortSetupTimerInterrupt                 0x080068a5   Thumb Code    32  port.o(i.vPortSetupTimerInterrupt)
    vTaskDelay                               0x080068c9   Thumb Code    66  tasks.o(i.vTaskDelay)
    vTaskStartScheduler                      0x08006915   Thumb Code    90  tasks.o(i.vTaskStartScheduler)
    vTaskSuspendAll                          0x08006981   Thumb Code    10  tasks.o(i.vTaskSuspendAll)
    vTaskSwitchContext                       0x08006991   Thumb Code    82  tasks.o(i.vTaskSwitchContext)
    xPortStartScheduler                      0x080069ed   Thumb Code   154  port.o(i.xPortStartScheduler)
    xTaskCreate                              0x08006a95   Thumb Code    90  tasks.o(i.xTaskCreate)
    xTaskCreateStatic                        0x08006aef   Thumb Code    86  tasks.o(i.xTaskCreateStatic)
    xTaskIncrementTick                       0x08006b45   Thumb Code   192  tasks.o(i.xTaskIncrementTick)
    xTaskResumeAll                           0x08006c0d   Thumb Code   182  tasks.o(i.xTaskResumeAll)
    AHBPrescTable                            0x08006d24   Data          16  system_stm32f1xx.o(.constdata)
    APBPrescTable                            0x08006d34   Data           8  system_stm32f1xx.o(.constdata)
    Region$$Table$$Base                      0x08006d60   Number         0  anon$$obj.o(Region$$Table)
    Region$$Table$$Limit                     0x08006d80   Number         0  anon$$obj.o(Region$$Table)
    result                                   0x20000000   Data           1  main.o(.data)
    defaultTaskHandle                        0x20000004   Data           4  main.o(.data)
    myTask02Handle                           0x20000008   Data           4  main.o(.data)
    myTask03Handle                           0x2000000c   Data           4  main.o(.data)
    FS_Desc                                  0x20000010   Data          28  usbd_desc.o(.data)
    USBD_LangIDDesc                          0x2000002c   Data           4  usbd_desc.o(.data)
    USBD_FS_DeviceDesc                       0x20000030   Data          18  usbd_desc.o(.data)
    USBD_StringSerial                        0x20000044   Data          26  usbd_desc.o(.data)
    Rxcount                                  0x20000060   Data           1  usbd_cdc_if.o(.data)
    check                                    0x20000061   Data           1  usbd_cdc_if.o(.data)
    dataSize                                 0x20000064   Data           4  usbd_cdc_if.o(.data)
    time                                     0x20000068   Data           4  usbd_cdc_if.o(.data)
    USBD_Interface_fops_FS                   0x2000006c   Data          16  usbd_cdc_if.o(.data)
    uwTickFreq                               0x2000007c   Data           1  stm32f1xx_hal.o(.data)
    uwTickPrio                               0x20000080   Data           4  stm32f1xx_hal.o(.data)
    uwTick                                   0x20000084   Data           4  stm32f1xx_hal.o(.data)
    SystemCoreClock                          0x20000088   Data           4  system_stm32f1xx.o(.data)
    pxCurrentTCB                             0x2000008c   Data           4  tasks.o(.data)
    USBD_CDC_CfgHSDesc                       0x200000fc   Data          67  usbd_cdc.o(.data)
    USBD_CDC_CfgFSDesc                       0x20000140   Data          67  usbd_cdc.o(.data)
    USBD_CDC_OtherSpeedCfgDesc               0x20000184   Data          67  usbd_cdc.o(.data)
    USBD_CDC                                 0x200001c8   Data          56  usbd_cdc.o(.data)
    hi2c1                                    0x20000200   Data          84  main.o(.bss)
    htim3                                    0x20000254   Data          64  main.o(.bss)
    huart1                                   0x20000294   Data          64  main.o(.bss)
    mpu1                                     0x200002d4   Data          28  main.o(.bss)
    hUsbDeviceFS                             0x20000544   Data         708  usb_device.o(.bss)
    hpcd_USB_FS                              0x20000a28   Data         620  usbd_conf.o(.bss)
    USBD_StrDesc                             0x20000c94   Data         512  usbd_desc.o(.bss)
    ReceivedData                             0x20000e94   Data         100  usbd_cdc_if.o(.bss)
    UserRxBufferFS                           0x20000ef8   Data        1000  usbd_cdc_if.o(.bss)
    UserTxBufferFS                           0x200012e0   Data        1000  usbd_cdc_if.o(.bss)
    htim1                                    0x200016c8   Data          64  stm32f1xx_hal_timebase_tim.o(.bss)
    __initial_sp                             0x200027f8   Data           0  startup_stm32f103xb.o(STACK)



==============================================================================

Memory Map of the image

  Image Entry point : 0x080000ed

  Load Region LR_IROM1 (Base: 0x08000000, Size: 0x00006f80, Max: 0x00010000, ABSOLUTE, COMPRESSED[0x00006e44])

    Execution Region ER_IROM1 (Exec base: 0x08000000, Load base: 0x08000000, Size: 0x00006d80, Max: 0x00010000, ABSOLUTE)

    Exec Addr    Load Addr    Size         Type   Attr      Idx    E Section Name        Object

    0x08000000   0x08000000   0x000000ec   Data   RO            3    RESET               startup_stm32f103xb.o
    0x080000ec   0x080000ec   0x00000000   Code   RO         5789  * .ARM.Collect$$$$00000000  mc_w.l(entry.o)
    0x080000ec   0x080000ec   0x00000004   Code   RO         5810    .ARM.Collect$$$$00000001  mc_w.l(entry2.o)
    0x080000f0   0x080000f0   0x00000004   Code   RO         5813    .ARM.Collect$$$$00000004  mc_w.l(entry5.o)
    0x080000f4   0x080000f4   0x00000000   Code   RO         5815    .ARM.Collect$$$$00000008  mc_w.l(entry7b.o)
    0x080000f4   0x080000f4   0x00000000   Code   RO         5817    .ARM.Collect$$$$0000000A  mc_w.l(entry8b.o)
    0x080000f4   0x080000f4   0x00000008   Code   RO         5818    .ARM.Collect$$$$0000000B  mc_w.l(entry9a.o)
    0x080000fc   0x080000fc   0x00000000   Code   RO         5820    .ARM.Collect$$$$0000000D  mc_w.l(entry10a.o)
    0x080000fc   0x080000fc   0x00000000   Code   RO         5822    .ARM.Collect$$$$0000000F  mc_w.l(entry11a.o)
    0x080000fc   0x080000fc   0x00000004   Code   RO         5811    .ARM.Collect$$$$00002712  mc_w.l(entry2.o)
    0x08000100   0x08000100   0x00000096   Code   RO         5343    .emb_text           port.o
    0x08000196   0x08000196   0x00000002   PAD
    0x08000198   0x08000198   0x00000024   Code   RO            4    .text               startup_stm32f103xb.o
    0x080001bc   0x080001bc   0x00000024   Code   RO         5794    .text               mc_w.l(memcpya.o)
    0x080001e0   0x080001e0   0x00000024   Code   RO         5798    .text               mc_w.l(memseta.o)
    0x08000204   0x08000204   0x0000000e   Code   RO         5800    .text               mc_w.l(strlen.o)
    0x08000212   0x08000212   0x00000002   PAD
    0x08000214   0x08000214   0x00000024   Code   RO         5827    .text               mc_w.l(init.o)
    0x08000238   0x08000238   0x00000056   Code   RO         5837    .text               mc_w.l(__dczerorl2.o)
    0x0800028e   0x0800028e   0x00000002   Code   RO          773    i.BusFault_Handler  stm32f1xx_it.o
    0x08000290   0x08000290   0x00000004   Code   RO          720    i.CDC_Control_FS    usbd_cdc_if.o
    0x08000294   0x08000294   0x00000004   Code   RO          721    i.CDC_DeInit_FS     usbd_cdc_if.o
    0x08000298   0x08000298   0x00000024   Code   RO          722    i.CDC_Init_FS       usbd_cdc_if.o
    0x080002bc   0x080002bc   0x0000005c   Code   RO          723    i.CDC_Receive_FS    usbd_cdc_if.o
    0x08000318   0x08000318   0x0000002c   Code   RO          724    i.CDC_Transmit_FS   usbd_cdc_if.o
    0x08000344   0x08000344   0x00000002   Code   RO          774    i.DebugMon_Handler  stm32f1xx_it.o
    0x08000346   0x08000346   0x00000002   Code   RO          194    i.Error_Handler     main.o
    0x08000348   0x08000348   0x00000098   Code   RO         1836    i.HAL_DMA_Abort_IT  stm32f1xx_hal_dma.o
    0x080003e0   0x080003e0   0x00000006   Code   RO         1839    i.HAL_DMA_GetState  stm32f1xx_hal_dma.o
    0x080003e6   0x080003e6   0x00000002   PAD
    0x080003e8   0x080003e8   0x00000024   Code   RO         1463    i.HAL_Delay         stm32f1xx_hal.o
    0x0800040c   0x0800040c   0x00000324   Code   RO         1771    i.HAL_GPIO_Init     stm32f1xx_hal_gpio.o
    0x08000730   0x08000730   0x0000006c   Code   RO         1775    i.HAL_GPIO_WritePin  stm32f1xx_hal_gpio.o
    0x0800079c   0x0800079c   0x0000000c   Code   RO         1467    i.HAL_GetTick       stm32f1xx_hal.o
    0x080007a8   0x080007a8   0x00000002   Code   RO         2441    i.HAL_I2C_AbortCpltCallback  stm32f1xx_hal_i2c.o
    0x080007aa   0x080007aa   0x00000002   Code   RO         2442    i.HAL_I2C_AddrCallback  stm32f1xx_hal_i2c.o
    0x080007ac   0x080007ac   0x000000c4   Code   RO         2445    i.HAL_I2C_ER_IRQHandler  stm32f1xx_hal_i2c.o
    0x08000870   0x08000870   0x0000025a   Code   RO         2446    i.HAL_I2C_EV_IRQHandler  stm32f1xx_hal_i2c.o
    0x08000aca   0x08000aca   0x00000002   Code   RO         2448    i.HAL_I2C_ErrorCallback  stm32f1xx_hal_i2c.o
    0x08000acc   0x08000acc   0x0000026c   Code   RO         2452    i.HAL_I2C_Init      stm32f1xx_hal_i2c.o
    0x08000d38   0x08000d38   0x00000158   Code   RO         2453    i.HAL_I2C_IsDeviceReady  stm32f1xx_hal_i2c.o
    0x08000e90   0x08000e90   0x00000002   Code   RO         2454    i.HAL_I2C_ListenCpltCallback  stm32f1xx_hal_i2c.o
    0x08000e92   0x08000e92   0x00000002   Code   RO         2455    i.HAL_I2C_MasterRxCpltCallback  stm32f1xx_hal_i2c.o
    0x08000e94   0x08000e94   0x00000002   Code   RO         2456    i.HAL_I2C_MasterTxCpltCallback  stm32f1xx_hal_i2c.o
    0x08000e96   0x08000e96   0x00000002   PAD
    0x08000e98   0x08000e98   0x0000020c   Code   RO         2458    i.HAL_I2C_Master_Receive  stm32f1xx_hal_i2c.o
    0x080010a4   0x080010a4   0x0000012c   Code   RO         2465    i.HAL_I2C_Master_Transmit  stm32f1xx_hal_i2c.o
    0x080011d0   0x080011d0   0x00000002   Code   RO         2468    i.HAL_I2C_MemRxCpltCallback  stm32f1xx_hal_i2c.o
    0x080011d2   0x080011d2   0x00000002   Code   RO         2469    i.HAL_I2C_MemTxCpltCallback  stm32f1xx_hal_i2c.o
    0x080011d4   0x080011d4   0x0000007c   Code   RO          862    i.HAL_I2C_MspInit   stm32f1xx_hal_msp.o
    0x08001250   0x08001250   0x00000002   Code   RO         2478    i.HAL_I2C_SlaveRxCpltCallback  stm32f1xx_hal_i2c.o
    0x08001252   0x08001252   0x00000002   Code   RO         2479    i.HAL_I2C_SlaveTxCpltCallback  stm32f1xx_hal_i2c.o
    0x08001254   0x08001254   0x00000010   Code   RO         1473    i.HAL_IncTick       stm32f1xx_hal.o
    0x08001264   0x08001264   0x00000024   Code   RO         1474    i.HAL_Init          stm32f1xx_hal.o
    0x08001288   0x08001288   0x00000074   Code   RO          927    i.HAL_InitTick      stm32f1xx_hal_timebase_tim.o
    0x080012fc   0x080012fc   0x00000048   Code   RO          863    i.HAL_MspInit       stm32f1xx_hal_msp.o
    0x08001344   0x08001344   0x00000064   Code   RO         1931    i.HAL_NVIC_EnableIRQ  stm32f1xx_hal_cortex.o
    0x080013a8   0x080013a8   0x000000a0   Code   RO         1937    i.HAL_NVIC_SetPriority  stm32f1xx_hal_cortex.o
    0x08001448   0x08001448   0x00000080   Code   RO         1938    i.HAL_NVIC_SetPriorityGrouping  stm32f1xx_hal_cortex.o
    0x080014c8   0x080014c8   0x00000034   Code   RO         1219    i.HAL_PCDEx_PMAConfig  stm32f1xx_hal_pcd_ex.o
    0x080014fc   0x080014fc   0x00000002   Code   RO          422    i.HAL_PCDEx_SetConnectionState  usbd_conf.o
    0x080014fe   0x080014fe   0x0000000e   Code   RO          424    i.HAL_PCD_DataInStageCallback  usbd_conf.o
    0x0800150c   0x0800150c   0x00000010   Code   RO          425    i.HAL_PCD_DataOutStageCallback  usbd_conf.o
    0x0800151c   0x0800151c   0x00000048   Code   RO         1011    i.HAL_PCD_EP_Close  stm32f1xx_hal_pcd.o
    0x08001564   0x08001564   0x00000058   Code   RO         1012    i.HAL_PCD_EP_ClrStall  stm32f1xx_hal_pcd.o
    0x080015bc   0x080015bc   0x0000000e   Code   RO         1014    i.HAL_PCD_EP_GetRxCount  stm32f1xx_hal_pcd.o
    0x080015ca   0x080015ca   0x0000005c   Code   RO         1015    i.HAL_PCD_EP_Open   stm32f1xx_hal_pcd.o
    0x08001626   0x08001626   0x0000002e   Code   RO         1016    i.HAL_PCD_EP_Receive  stm32f1xx_hal_pcd.o
    0x08001654   0x08001654   0x0000006a   Code   RO         1017    i.HAL_PCD_EP_SetStall  stm32f1xx_hal_pcd.o
    0x080016be   0x080016be   0x0000002a   Code   RO         1018    i.HAL_PCD_EP_Transmit  stm32f1xx_hal_pcd.o
    0x080016e8   0x080016e8   0x00000116   Code   RO         1020    i.HAL_PCD_IRQHandler  stm32f1xx_hal_pcd.o
    0x080017fe   0x080017fe   0x00000002   PAD
    0x08001800   0x08001800   0x00000120   Code   RO         1023    i.HAL_PCD_Init      stm32f1xx_hal_pcd.o
    0x08001920   0x08001920   0x0000003c   Code   RO          430    i.HAL_PCD_MspInit   usbd_conf.o
    0x0800195c   0x0800195c   0x00000026   Code   RO          431    i.HAL_PCD_ResetCallback  usbd_conf.o
    0x08001982   0x08001982   0x00000008   Code   RO          432    i.HAL_PCD_ResumeCallback  usbd_conf.o
    0x0800198a   0x0800198a   0x00000008   Code   RO          433    i.HAL_PCD_SOFCallback  usbd_conf.o
    0x08001992   0x08001992   0x00000028   Code   RO         1029    i.HAL_PCD_SetAddress  stm32f1xx_hal_pcd.o
    0x080019ba   0x080019ba   0x0000000e   Code   RO          434    i.HAL_PCD_SetupStageCallback  usbd_conf.o
    0x080019c8   0x080019c8   0x00000032   Code   RO         1031    i.HAL_PCD_Start     stm32f1xx_hal_pcd.o
    0x080019fa   0x080019fa   0x00000002   PAD
    0x080019fc   0x080019fc   0x00000024   Code   RO          435    i.HAL_PCD_SuspendCallback  usbd_conf.o
    0x08001a20   0x08001a20   0x00000194   Code   RO         1734    i.HAL_RCCEx_PeriphCLKConfig  stm32f1xx_hal_rcc_ex.o
    0x08001bb4   0x08001bb4   0x0000022c   Code   RO         1631    i.HAL_RCC_ClockConfig  stm32f1xx_hal_rcc.o
    0x08001de0   0x08001de0   0x00000094   Code   RO         1635    i.HAL_RCC_GetClockConfig  stm32f1xx_hal_rcc.o
    0x08001e74   0x08001e74   0x00000020   Code   RO         1638    i.HAL_RCC_GetPCLK1Freq  stm32f1xx_hal_rcc.o
    0x08001e94   0x08001e94   0x00000020   Code   RO         1639    i.HAL_RCC_GetPCLK2Freq  stm32f1xx_hal_rcc.o
    0x08001eb4   0x08001eb4   0x0000006c   Code   RO         1640    i.HAL_RCC_GetSysClockFreq  stm32f1xx_hal_rcc.o
    0x08001f20   0x08001f20   0x0000048e   Code   RO         1643    i.HAL_RCC_OscConfig  stm32f1xx_hal_rcc.o
    0x080023ae   0x080023ae   0x00000002   Code   RO         3541    i.HAL_TIMEx_BreakCallback  stm32f1xx_hal_tim_ex.o
    0x080023b0   0x080023b0   0x00000002   Code   RO         3542    i.HAL_TIMEx_CommutCallback  stm32f1xx_hal_tim_ex.o
    0x080023b2   0x080023b2   0x00000002   PAD
    0x080023b4   0x080023b4   0x000000ec   Code   RO         3559    i.HAL_TIMEx_MasterConfigSynchronization  stm32f1xx_hal_tim_ex.o
    0x080024a0   0x080024a0   0x000000e8   Code   RO         2865    i.HAL_TIM_Base_Init  stm32f1xx_hal_tim.o
    0x08002588   0x08002588   0x00000028   Code   RO          865    i.HAL_TIM_Base_MspInit  stm32f1xx_hal_msp.o
    0x080025b0   0x080025b0   0x00000090   Code   RO         2870    i.HAL_TIM_Base_Start_IT  stm32f1xx_hal_tim.o
    0x08002640   0x08002640   0x00000338   Code   RO         2874    i.HAL_TIM_ConfigClockSource  stm32f1xx_hal_tim.o
    0x08002978   0x08002978   0x00000002   Code   RO         2894    i.HAL_TIM_IC_CaptureCallback  stm32f1xx_hal_tim.o
    0x0800297a   0x0800297a   0x00000166   Code   RO         2908    i.HAL_TIM_IRQHandler  stm32f1xx_hal_tim.o
    0x08002ae0   0x08002ae0   0x0000004c   Code   RO          866    i.HAL_TIM_MspPostInit  stm32f1xx_hal_msp.o
    0x08002b2c   0x08002b2c   0x00000002   Code   RO         2911    i.HAL_TIM_OC_DelayElapsedCallback  stm32f1xx_hal_tim.o
    0x08002b2e   0x08002b2e   0x00000002   PAD
    0x08002b30   0x08002b30   0x000001f0   Code   RO         2932    i.HAL_TIM_PWM_ConfigChannel  stm32f1xx_hal_tim.o
    0x08002d20   0x08002d20   0x000000e8   Code   RO         2935    i.HAL_TIM_PWM_Init  stm32f1xx_hal_tim.o
    0x08002e08   0x08002e08   0x00000002   Code   RO         2937    i.HAL_TIM_PWM_MspInit  stm32f1xx_hal_tim.o
    0x08002e0a   0x08002e0a   0x00000002   Code   RO         2938    i.HAL_TIM_PWM_PulseFinishedCallback  stm32f1xx_hal_tim.o
    0x08002e0c   0x08002e0c   0x000000c8   Code   RO         2940    i.HAL_TIM_PWM_Start  stm32f1xx_hal_tim.o
    0x08002ed4   0x08002ed4   0x00000014   Code   RO          195    i.HAL_TIM_PeriodElapsedCallback  main.o
    0x08002ee8   0x08002ee8   0x00000002   Code   RO         2951    i.HAL_TIM_TriggerCallback  stm32f1xx_hal_tim.o
    0x08002eea   0x08002eea   0x00000002   Code   RO         3813    i.HAL_UART_ErrorCallback  stm32f1xx_hal_uart.o
    0x08002eec   0x08002eec   0x00000110   Code   RO         3816    i.HAL_UART_IRQHandler  stm32f1xx_hal_uart.o
    0x08002ffc   0x08002ffc   0x00000114   Code   RO         3817    i.HAL_UART_Init     stm32f1xx_hal_uart.o
    0x08003110   0x08003110   0x00000080   Code   RO          868    i.HAL_UART_MspInit  stm32f1xx_hal_msp.o
    0x08003190   0x08003190   0x00000002   Code   RO         3823    i.HAL_UART_RxCpltCallback  stm32f1xx_hal_uart.o
    0x08003192   0x08003192   0x000000ba   Code   RO         3825    i.HAL_UART_Transmit  stm32f1xx_hal_uart.o
    0x0800324c   0x0800324c   0x00000002   Code   RO         3828    i.HAL_UART_TxCpltCallback  stm32f1xx_hal_uart.o
    0x0800324e   0x0800324e   0x00000002   Code   RO          775    i.HardFault_Handler  stm32f1xx_it.o
    0x08003250   0x08003250   0x0000000c   Code   RO          776    i.I2C1_ER_IRQHandler  stm32f1xx_it.o
    0x0800325c   0x0800325c   0x0000000c   Code   RO          777    i.I2C1_EV_IRQHandler  stm32f1xx_it.o
    0x08003268   0x08003268   0x0000007e   Code   RO         2490    i.I2C_DMAAbort      stm32f1xx_hal_i2c.o
    0x080032e6   0x080032e6   0x00000002   PAD
    0x080032e8   0x080032e8   0x00000140   Code   RO         2493    i.I2C_ITError       stm32f1xx_hal_i2c.o
    0x08003428   0x08003428   0x0000002e   Code   RO         2494    i.I2C_IsAcknowledgeFailed  stm32f1xx_hal_i2c.o
    0x08003456   0x08003456   0x000000d2   Code   RO         2495    i.I2C_MasterReceive_BTF  stm32f1xx_hal_i2c.o
    0x08003528   0x08003528   0x00000092   Code   RO         2496    i.I2C_MasterReceive_RXNE  stm32f1xx_hal_i2c.o
    0x080035ba   0x080035ba   0x000000d4   Code   RO         2497    i.I2C_MasterRequestRead  stm32f1xx_hal_i2c.o
    0x0800368e   0x0800368e   0x00000002   PAD
    0x08003690   0x08003690   0x00000088   Code   RO         2498    i.I2C_MasterRequestWrite  stm32f1xx_hal_i2c.o
    0x08003718   0x08003718   0x00000082   Code   RO         2499    i.I2C_MasterTransmit_BTF  stm32f1xx_hal_i2c.o
    0x0800379a   0x0800379a   0x00000002   PAD
    0x0800379c   0x0800379c   0x00000104   Code   RO         2500    i.I2C_MasterTransmit_TXE  stm32f1xx_hal_i2c.o
    0x080038a0   0x080038a0   0x00000158   Code   RO         2501    i.I2C_Master_ADDR   stm32f1xx_hal_i2c.o
    0x080039f8   0x080039f8   0x0000008e   Code   RO         2502    i.I2C_Master_SB     stm32f1xx_hal_i2c.o
    0x08003a86   0x08003a86   0x00000002   PAD
    0x08003a88   0x08003a88   0x00000084   Code   RO         2505    i.I2C_Slave_AF      stm32f1xx_hal_i2c.o
    0x08003b0c   0x08003b0c   0x0000015c   Code   RO         2506    i.I2C_Slave_STOPF   stm32f1xx_hal_i2c.o
    0x08003c68   0x08003c68   0x0000004c   Code   RO         2507    i.I2C_WaitOnBTFFlagUntilTimeout  stm32f1xx_hal_i2c.o
    0x08003cb4   0x08003cb4   0x00000068   Code   RO         2508    i.I2C_WaitOnFlagUntilTimeout  stm32f1xx_hal_i2c.o
    0x08003d1c   0x08003d1c   0x00000096   Code   RO         2509    i.I2C_WaitOnMasterAddressFlagUntilTimeout  stm32f1xx_hal_i2c.o
    0x08003db2   0x08003db2   0x00000066   Code   RO         2510    i.I2C_WaitOnRXNEFlagUntilTimeout  stm32f1xx_hal_i2c.o
    0x08003e18   0x08003e18   0x0000004c   Code   RO         2511    i.I2C_WaitOnTXEFlagUntilTimeout  stm32f1xx_hal_i2c.o
    0x08003e64   0x08003e64   0x00000038   Code   RO          634    i.IntToUnicode      usbd_desc.o
    0x08003e9c   0x08003e9c   0x000000e4   Code   RO          196    i.MX_GPIO_Init      main.o
    0x08003f80   0x08003f80   0x00000084   Code   RO          197    i.MX_TIM3_Init      main.o
    0x08004004   0x08004004   0x00000054   Code   RO          391    i.MX_USB_DEVICE_Init  usb_device.o
    0x08004058   0x08004058   0x00000002   Code   RO          778    i.MemManage_Handler  stm32f1xx_it.o
    0x0800405a   0x0800405a   0x00000002   Code   RO          779    i.NMI_Handler       stm32f1xx_it.o
    0x0800405c   0x0800405c   0x000002c2   Code   RO         1034    i.PCD_EP_ISR_Handler  stm32f1xx_hal_pcd.o
    0x0800431e   0x0800431e   0x000000a0   Code   RO           15    i.SD_MPU6050_Init   sd_hal_mpu6050.o
    0x080043be   0x080043be   0x0000008c   Code   RO           21    i.SD_MPU6050_SetAccelerometer  sd_hal_mpu6050.o
    0x0800444a   0x0800444a   0x00000028   Code   RO           22    i.SD_MPU6050_SetDataRate  sd_hal_mpu6050.o
    0x08004472   0x08004472   0x00000002   PAD
    0x08004474   0x08004474   0x00000094   Code   RO           23    i.SD_MPU6050_SetGyroscope  sd_hal_mpu6050.o
    0x08004508   0x08004508   0x0000000c   Code   RO          198    i.StartDefaultTask  main.o
    0x08004514   0x08004514   0x00000060   Code   RO          199    i.StartTask02       main.o
    0x08004574   0x08004574   0x00000048   Code   RO          200    i.StartTask03       main.o
    0x080045bc   0x080045bc   0x0000002c   Code   RO         5344    i.SysTick_Handler   port.o
    0x080045e8   0x080045e8   0x00000060   Code   RO          201    i.SystemClock_Config  main.o
    0x08004648   0x08004648   0x00000048   Code   RO         4119    i.SystemInit        system_stm32f1xx.o
    0x08004690   0x08004690   0x0000000c   Code   RO          780    i.TIM1_UP_IRQHandler  stm32f1xx_it.o
    0x0800469c   0x0800469c   0x0000006c   Code   RO         2953    i.TIM_Base_SetConfig  stm32f1xx_hal_tim.o
    0x08004708   0x08004708   0x000000a4   Code   RO         2954    i.TIM_CCxChannelCmd  stm32f1xx_hal_tim.o
    0x080047ac   0x080047ac   0x00000014   Code   RO         2964    i.TIM_ETR_SetConfig  stm32f1xx_hal_tim.o
    0x080047c0   0x080047c0   0x00000010   Code   RO         2965    i.TIM_ITRx_SetConfig  stm32f1xx_hal_tim.o
    0x080047d0   0x080047d0   0x000000cc   Code   RO         2966    i.TIM_OC1_SetConfig  stm32f1xx_hal_tim.o
    0x0800489c   0x0800489c   0x000000d4   Code   RO         2967    i.TIM_OC2_SetConfig  stm32f1xx_hal_tim.o
    0x08004970   0x08004970   0x000000d4   Code   RO         2968    i.TIM_OC3_SetConfig  stm32f1xx_hal_tim.o
    0x08004a44   0x08004a44   0x0000009c   Code   RO         2969    i.TIM_OC4_SetConfig  stm32f1xx_hal_tim.o
    0x08004ae0   0x08004ae0   0x00000022   Code   RO         2971    i.TIM_TI1_ConfigInputStage  stm32f1xx_hal_tim.o
    0x08004b02   0x08004b02   0x00000024   Code   RO         2973    i.TIM_TI2_ConfigInputStage  stm32f1xx_hal_tim.o
    0x08004b26   0x08004b26   0x00000010   Code   RO         3830    i.UART_DMAAbortOnError  stm32f1xx_hal_uart.o
    0x08004b36   0x08004b36   0x0000001c   Code   RO         3840    i.UART_EndRxTransfer  stm32f1xx_hal_uart.o
    0x08004b52   0x08004b52   0x00000096   Code   RO         3842    i.UART_Receive_IT   stm32f1xx_hal_uart.o
    0x08004be8   0x08004be8   0x0000014c   Code   RO         3843    i.UART_SetConfig    stm32f1xx_hal_uart.o
    0x08004d34   0x08004d34   0x00000062   Code   RO         3844    i.UART_Transmit_IT  stm32f1xx_hal_uart.o
    0x08004d96   0x08004d96   0x00000064   Code   RO         3845    i.UART_WaitOnFlagUntilTimeout  stm32f1xx_hal_uart.o
    0x08004dfa   0x08004dfa   0x00000002   PAD
    0x08004dfc   0x08004dfc   0x0000000c   Code   RO          781    i.USART1_IRQHandler  stm32f1xx_it.o
    0x08004e08   0x08004e08   0x00000046   Code   RO         5686    i.USBD_CDC_DataIn   usbd_cdc.o
    0x08004e4e   0x08004e4e   0x0000002e   Code   RO         5687    i.USBD_CDC_DataOut  usbd_cdc.o
    0x08004e7c   0x08004e7c   0x00000044   Code   RO         5688    i.USBD_CDC_DeInit   usbd_cdc.o
    0x08004ec0   0x08004ec0   0x00000024   Code   RO         5689    i.USBD_CDC_EP0_RxReady  usbd_cdc.o
    0x08004ee4   0x08004ee4   0x0000000c   Code   RO         5690    i.USBD_CDC_GetDeviceQualifierDescriptor  usbd_cdc.o
    0x08004ef0   0x08004ef0   0x0000000c   Code   RO         5691    i.USBD_CDC_GetFSCfgDesc  usbd_cdc.o
    0x08004efc   0x08004efc   0x0000000c   Code   RO         5692    i.USBD_CDC_GetHSCfgDesc  usbd_cdc.o
    0x08004f08   0x08004f08   0x0000000c   Code   RO         5693    i.USBD_CDC_GetOtherSpeedCfgDesc  usbd_cdc.o
    0x08004f14   0x08004f14   0x00000094   Code   RO         5694    i.USBD_CDC_Init     usbd_cdc.o
    0x08004fa8   0x08004fa8   0x00000028   Code   RO         5695    i.USBD_CDC_ReceivePacket  usbd_cdc.o
    0x08004fd0   0x08004fd0   0x00000010   Code   RO         5696    i.USBD_CDC_RegisterInterface  usbd_cdc.o
    0x08004fe0   0x08004fe0   0x0000000c   Code   RO         5697    i.USBD_CDC_SetRxBuffer  usbd_cdc.o
    0x08004fec   0x08004fec   0x00000010   Code   RO         5698    i.USBD_CDC_SetTxBuffer  usbd_cdc.o
    0x08004ffc   0x08004ffc   0x000000ac   Code   RO         5699    i.USBD_CDC_Setup    usbd_cdc.o
    0x080050a8   0x080050a8   0x00000036   Code   RO         5700    i.USBD_CDC_TransmitPacket  usbd_cdc.o
    0x080050de   0x080050de   0x0000000e   Code   RO         5423    i.USBD_ClrClassConfig  usbd_core.o
    0x080050ec   0x080050ec   0x00000010   Code   RO         5626    i.USBD_CtlContinueRx  usbd_ioreq.o
    0x080050fc   0x080050fc   0x00000010   Code   RO         5627    i.USBD_CtlContinueSendData  usbd_ioreq.o
    0x0800510c   0x0800510c   0x00000016   Code   RO         5561    i.USBD_CtlError     usbd_ctlreq.o
    0x08005122   0x08005122   0x0000001e   Code   RO         5628    i.USBD_CtlPrepareRx  usbd_ioreq.o
    0x08005140   0x08005140   0x00000016   Code   RO         5629    i.USBD_CtlReceiveStatus  usbd_ioreq.o
    0x08005156   0x08005156   0x0000001a   Code   RO         5630    i.USBD_CtlSendData  usbd_ioreq.o
    0x08005170   0x08005170   0x00000016   Code   RO         5631    i.USBD_CtlSendStatus  usbd_ioreq.o
    0x08005186   0x08005186   0x00000002   PAD
    0x08005188   0x08005188   0x00000020   Code   RO          635    i.USBD_FS_ConfigStrDescriptor  usbd_desc.o
    0x080051a8   0x080051a8   0x0000000c   Code   RO          636    i.USBD_FS_DeviceDescriptor  usbd_desc.o
    0x080051b4   0x080051b4   0x00000024   Code   RO          637    i.USBD_FS_InterfaceStrDescriptor  usbd_desc.o
    0x080051d8   0x080051d8   0x0000000c   Code   RO          638    i.USBD_FS_LangIDStrDescriptor  usbd_desc.o
    0x080051e4   0x080051e4   0x00000028   Code   RO          639    i.USBD_FS_ManufacturerStrDescriptor  usbd_desc.o
    0x0800520c   0x0800520c   0x0000002c   Code   RO          640    i.USBD_FS_ProductStrDescriptor  usbd_desc.o
    0x08005238   0x08005238   0x00000038   Code   RO          641    i.USBD_FS_SerialStrDescriptor  usbd_desc.o
    0x08005270   0x08005270   0x000000e8   Code   RO         5562    i.USBD_GetDescriptor  usbd_ctlreq.o
    0x08005358   0x08005358   0x00000048   Code   RO         5563    i.USBD_GetString    usbd_ctlreq.o
    0x080053a0   0x080053a0   0x00000018   Code   RO          436    i.USBD_Get_USB_Status  usbd_conf.o
    0x080053b8   0x080053b8   0x0000002a   Code   RO         5425    i.USBD_Init         usbd_core.o
    0x080053e2   0x080053e2   0x00000012   Code   RO          437    i.USBD_LL_ClearStallEP  usbd_conf.o
    0x080053f4   0x080053f4   0x00000012   Code   RO          438    i.USBD_LL_CloseEP   usbd_conf.o
    0x08005406   0x08005406   0x000000c6   Code   RO         5426    i.USBD_LL_DataInStage  usbd_core.o
    0x080054cc   0x080054cc   0x00000082   Code   RO         5427    i.USBD_LL_DataOutStage  usbd_core.o
    0x0800554e   0x0800554e   0x00000008   Code   RO          442    i.USBD_LL_GetRxDataSize  usbd_conf.o
    0x08005556   0x08005556   0x00000002   PAD
    0x08005558   0x08005558   0x00000080   Code   RO          443    i.USBD_LL_Init      usbd_conf.o
    0x080055d8   0x080055d8   0x0000001c   Code   RO          444    i.USBD_LL_IsStallEP  usbd_conf.o
    0x080055f4   0x080055f4   0x00000018   Code   RO          445    i.USBD_LL_OpenEP    usbd_conf.o
    0x0800560c   0x0800560c   0x00000012   Code   RO          446    i.USBD_LL_PrepareReceive  usbd_conf.o
    0x0800561e   0x0800561e   0x00000050   Code   RO         5432    i.USBD_LL_Reset     usbd_core.o
    0x0800566e   0x0800566e   0x00000014   Code   RO         5433    i.USBD_LL_Resume    usbd_core.o
    0x08005682   0x08005682   0x00000018   Code   RO         5434    i.USBD_LL_SOF       usbd_core.o
    0x0800569a   0x0800569a   0x00000006   Code   RO         5435    i.USBD_LL_SetSpeed  usbd_core.o
    0x080056a0   0x080056a0   0x00000012   Code   RO          447    i.USBD_LL_SetUSBAddress  usbd_conf.o
    0x080056b2   0x080056b2   0x0000005a   Code   RO         5436    i.USBD_LL_SetupStage  usbd_core.o
    0x0800570c   0x0800570c   0x00000012   Code   RO          448    i.USBD_LL_StallEP   usbd_conf.o
    0x0800571e   0x0800571e   0x00000012   Code   RO          449    i.USBD_LL_Start     usbd_conf.o
    0x08005730   0x08005730   0x00000012   Code   RO         5437    i.USBD_LL_Suspend   usbd_core.o
    0x08005742   0x08005742   0x00000012   Code   RO          451    i.USBD_LL_Transmit  usbd_conf.o
    0x08005754   0x08005754   0x00000028   Code   RO         5564    i.USBD_ParseSetupRequest  usbd_ctlreq.o
    0x0800577c   0x0800577c   0x00000010   Code   RO         5438    i.USBD_RegisterClass  usbd_core.o
    0x0800578c   0x0800578c   0x00000016   Code   RO         5440    i.USBD_SetClassConfig  usbd_core.o
    0x080057a2   0x080057a2   0x00000002   PAD
    0x080057a4   0x080057a4   0x00000084   Code   RO         5565    i.USBD_SetConfig    usbd_ctlreq.o
    0x08005828   0x08005828   0x0000000a   Code   RO         5441    i.USBD_Start        usbd_core.o
    0x08005832   0x08005832   0x00000112   Code   RO         5566    i.USBD_StdDevReq    usbd_ctlreq.o
    0x08005944   0x08005944   0x00000150   Code   RO         5567    i.USBD_StdEPReq     usbd_ctlreq.o
    0x08005a94   0x08005a94   0x0000004e   Code   RO         5568    i.USBD_StdItfReq    usbd_ctlreq.o
    0x08005ae2   0x08005ae2   0x00000002   Code   RO          452    i.USBD_static_free  usbd_conf.o
    0x08005ae4   0x08005ae4   0x00000008   Code   RO          453    i.USBD_static_malloc  usbd_conf.o
    0x08005aec   0x08005aec   0x00000266   Code   RO         1259    i.USB_ActivateEndpoint  stm32f1xx_ll_usb.o
    0x08005d52   0x08005d52   0x00000004   Code   RO         1262    i.USB_CoreInit      stm32f1xx_ll_usb.o
    0x08005d56   0x08005d56   0x0000010e   Code   RO         1264    i.USB_DeactivateEndpoint  stm32f1xx_ll_usb.o
    0x08005e64   0x08005e64   0x00000004   Code   RO         1265    i.USB_DevConnect    stm32f1xx_ll_usb.o
    0x08005e68   0x08005e68   0x00000004   Code   RO         1266    i.USB_DevDisconnect  stm32f1xx_ll_usb.o
    0x08005e6c   0x08005e6c   0x0000001e   Code   RO         1267    i.USB_DevInit       stm32f1xx_ll_usb.o
    0x08005e8a   0x08005e8a   0x0000000e   Code   RO         1268    i.USB_DisableGlobalInt  stm32f1xx_ll_usb.o
    0x08005e98   0x08005e98   0x00000004   Code   RO         1269    i.USB_EP0_OutStart  stm32f1xx_ll_usb.o
    0x08005e9c   0x08005e9c   0x00000078   Code   RO         1270    i.USB_EPClearStall  stm32f1xx_ll_usb.o
    0x08005f14   0x08005f14   0x00000032   Code   RO         1271    i.USB_EPSetStall    stm32f1xx_ll_usb.o
    0x08005f46   0x08005f46   0x0000019c   Code   RO         1272    i.USB_EPStartXfer   stm32f1xx_ll_usb.o
    0x080060e2   0x080060e2   0x0000000e   Code   RO         1273    i.USB_EnableGlobalInt  stm32f1xx_ll_usb.o
    0x080060f0   0x080060f0   0x0000000c   Code   RO          782    i.USB_LP_CAN1_RX0_IRQHandler  stm32f1xx_it.o
    0x080060fc   0x080060fc   0x00000006   Code   RO         1280    i.USB_ReadInterrupts  stm32f1xx_ll_usb.o
    0x08006102   0x08006102   0x00000002   PAD
    0x08006104   0x08006104   0x0000002c   Code   RO         1281    i.USB_ReadPMA       stm32f1xx_ll_usb.o
    0x08006130   0x08006130   0x00000004   Code   RO         1283    i.USB_SetCurrentMode  stm32f1xx_ll_usb.o
    0x08006134   0x08006134   0x0000000c   Code   RO         1284    i.USB_SetDevAddress  stm32f1xx_ll_usb.o
    0x08006140   0x08006140   0x00000026   Code   RO         1287    i.USB_WritePMA      stm32f1xx_ll_usb.o
    0x08006166   0x08006166   0x00000002   Code   RO          783    i.UsageFault_Handler  stm32f1xx_it.o
    0x08006168   0x08006168   0x00000020   Code   RO         1944    i.__NVIC_SetPriority  stm32f1xx_hal_cortex.o
    0x08006188   0x08006188   0x0000000e   Code   RO         5831    i.__scatterload_copy  mc_w.l(handlers.o)
    0x08006196   0x08006196   0x00000002   Code   RO         5832    i.__scatterload_null  mc_w.l(handlers.o)
    0x08006198   0x08006198   0x0000000e   Code   RO         5833    i.__scatterload_zeroinit  mc_w.l(handlers.o)
    0x080061a6   0x080061a6   0x00000002   Code   RO          202    i.assert_failed     main.o
    0x080061a8   0x080061a8   0x000000e0   Code   RO          203    i.main              main.o
    0x08006288   0x08006288   0x0000000c   Code   RO         4915    i.makeFreeRtosPriority  cmsis_os.o
    0x08006294   0x08006294   0x0000000e   Code   RO         4917    i.osDelay           cmsis_os.o
    0x080062a2   0x080062a2   0x0000000a   Code   RO         4920    i.osKernelStart     cmsis_os.o
    0x080062ac   0x080062ac   0x00000054   Code   RO         4954    i.osThreadCreate    cmsis_os.o
    0x08006300   0x08006300   0x00000070   Code   RO         4612    i.prvAddCurrentTaskToDelayedList  tasks.o
    0x08006370   0x08006370   0x000000d0   Code   RO         4613    i.prvAddNewTaskToReadyList  tasks.o
    0x08006440   0x08006440   0x00000034   Code   RO         4614    i.prvDeleteTCB      tasks.o
    0x08006474   0x08006474   0x0000004c   Code   RO         5282    i.prvHeapInit       heap_4.o
    0x080064c0   0x080064c0   0x00000060   Code   RO         4615    i.prvIdleTask       tasks.o
    0x08006520   0x08006520   0x0000008e   Code   RO         4616    i.prvInitialiseNewTask  tasks.o
    0x080065ae   0x080065ae   0x00000002   PAD
    0x080065b0   0x080065b0   0x0000004c   Code   RO         5283    i.prvInsertBlockIntoFreeList  heap_4.o
    0x080065fc   0x080065fc   0x00000020   Code   RO         4617    i.prvResetNextTaskUnblockTime  tasks.o
    0x0800661c   0x0800661c   0x00000028   Code   RO         5345    i.prvTaskExitError  port.o
    0x08006644   0x08006644   0x000000d8   Code   RO         5284    i.pvPortMalloc      heap_4.o
    0x0800671c   0x0800671c   0x00000024   Code   RO         5346    i.pxPortInitialiseStack  port.o
    0x08006740   0x08006740   0x00000026   Code   RO         4257    i.uxListRemove      list.o
    0x08006766   0x08006766   0x00000002   PAD
    0x08006768   0x08006768   0x00000014   Code   RO          357    i.vApplicationGetIdleTaskMemory  freertos.o
    0x0800677c   0x0800677c   0x00000016   Code   RO         4258    i.vListInitialise   list.o
    0x08006792   0x08006792   0x00000006   Code   RO         4259    i.vListInitialiseItem  list.o
    0x08006798   0x08006798   0x00000030   Code   RO         4260    i.vListInsert       list.o
    0x080067c8   0x080067c8   0x00000018   Code   RO         4261    i.vListInsertEnd    list.o
    0x080067e0   0x080067e0   0x00000040   Code   RO         5348    i.vPortEnterCritical  port.o
    0x08006820   0x08006820   0x00000028   Code   RO         5349    i.vPortExitCritical  port.o
    0x08006848   0x08006848   0x0000005c   Code   RO         5285    i.vPortFree         heap_4.o
    0x080068a4   0x080068a4   0x00000024   Code   RO         5350    i.vPortSetupTimerInterrupt  port.o
    0x080068c8   0x080068c8   0x0000004c   Code   RO         4625    i.vTaskDelay        tasks.o
    0x08006914   0x08006914   0x0000006c   Code   RO         4638    i.vTaskStartScheduler  tasks.o
    0x08006980   0x08006980   0x00000010   Code   RO         4640    i.vTaskSuspendAll   tasks.o
    0x08006990   0x08006990   0x0000005c   Code   RO         4641    i.vTaskSwitchContext  tasks.o
    0x080069ec   0x080069ec   0x000000a8   Code   RO         5352    i.xPortStartScheduler  port.o
    0x08006a94   0x08006a94   0x0000005a   Code   RO         4643    i.xTaskCreate       tasks.o
    0x08006aee   0x08006aee   0x00000056   Code   RO         4644    i.xTaskCreateStatic  tasks.o
    0x08006b44   0x08006b44   0x000000c8   Code   RO         4651    i.xTaskIncrementTick  tasks.o
    0x08006c0c   0x08006c0c   0x000000c4   Code   RO         4657    i.xTaskResumeAll    tasks.o
    0x08006cd0   0x08006cd0   0x00000054   Data   RO          205    .constdata          main.o
    0x08006d24   0x08006d24   0x00000010   Data   RO         4120    .constdata          system_stm32f1xx.o
    0x08006d34   0x08006d34   0x00000008   Data   RO         4121    .constdata          system_stm32f1xx.o
    0x08006d3c   0x08006d3c   0x00000024   Data   RO          206    .conststring        main.o
    0x08006d60   0x08006d60   0x00000020   Data   RO         5829    Region$$Table       anon$$obj.o


    Execution Region RW_IRAM1 (Exec base: 0x20000000, Load base: 0x08006d80, Size: 0x000027f8, Max: 0x00005000, ABSOLUTE, COMPRESSED[0x000000c4])

    Exec Addr    Load Addr    Size         Type   Attr      Idx    E Section Name        Object

    0x20000000   COMPRESSED   0x00000010   Data   RW          207    .data               main.o
    0x20000010   COMPRESSED   0x0000001c   Data   RW          643    .data               usbd_desc.o
    0x2000002c   COMPRESSED   0x00000032   Data   RW          644    .data               usbd_desc.o
    0x2000005e   COMPRESSED   0x00000002   PAD
    0x20000060   COMPRESSED   0x0000000c   Data   RW          726    .data               usbd_cdc_if.o
    0x2000006c   COMPRESSED   0x00000010   Data   RW          727    .data               usbd_cdc_if.o
    0x2000007c   COMPRESSED   0x0000000c   Data   RW         1481    .data               stm32f1xx_hal.o
    0x20000088   COMPRESSED   0x00000004   Data   RW         4122    .data               system_stm32f1xx.o
    0x2000008c   COMPRESSED   0x0000003c   Data   RW         4660    .data               tasks.o
    0x200000c8   COMPRESSED   0x00000018   Data   RW         5290    .data               heap_4.o
    0x200000e0   COMPRESSED   0x0000000c   Data   RW         5353    .data               port.o
    0x200000ec   COMPRESSED   0x00000001   Data   RW         5569    .data               usbd_ctlreq.o
    0x200000ed   COMPRESSED   0x00000003   PAD
    0x200000f0   COMPRESSED   0x000000d7   Data   RW         5701    .data               usbd_cdc.o
    0x200001c7   COMPRESSED   0x00000001   PAD
    0x200001c8   COMPRESSED   0x00000038   Data   RW         5702    .data               usbd_cdc.o
    0x20000200        -       0x000000f0   Zero   RW          204    .bss                main.o
    0x200002f0        -       0x00000254   Zero   RW          358    .bss                freertos.o
    0x20000544        -       0x000002c4   Zero   RW          392    .bss                usb_device.o
    0x20000808        -       0x0000048c   Zero   RW          454    .bss                usbd_conf.o
    0x20000c94        -       0x00000200   Zero   RW          642    .bss                usbd_desc.o
    0x20000e94        -       0x00000834   Zero   RW          725    .bss                usbd_cdc_if.o
    0x200016c8        -       0x00000040   Zero   RW          930    .bss                stm32f1xx_hal_timebase_tim.o
    0x20001708        -       0x000000f0   Zero   RW         4659    .bss                tasks.o
    0x200017f8        -       0x00000c00   Zero   RW         5289    .bss                heap_4.o
    0x200023f8        -       0x00000400   Zero   RW            1    STACK               startup_stm32f103xb.o


==============================================================================

Image component sizes


      Code (inc. data)   RO Data    RW Data    ZI Data      Debug   Object Name

       120          0          0          0          0      22173   cmsis_os.o
         0          0          0          0          0      18112   event_groups.o
        20          4          0          0        596       1136   freertos.o
       460         24          0         24       3072       7083   heap_4.o
       138          0          0          0          0       3266   list.o
       884         98        120         16        240      43260   main.o
       578         60          0         12          0      10100   port.o
       488         16          0          0          0     448491   sd_hal_mpu6050.o
        36          8        236          0       1024        780   startup_stm32f103xb.o
       100         18          0         12          0       5086   stm32f1xx_hal.o
       420        196          0          0          0      28226   stm32f1xx_hal_cortex.o
       158          4          0          0          0       1590   stm32f1xx_hal_dma.o
       912        192          0          0          0       3004   stm32f1xx_hal_gpio.o
      5666        146          0          0          0      29776   stm32f1xx_hal_i2c.o
       440         58          0          0          0       3280   stm32f1xx_hal_msp.o
      1822         62          0          0          0      10057   stm32f1xx_hal_pcd.o
        52          0          0          0          0       1130   stm32f1xx_hal_pcd_ex.o
      2042        274          0          0          0       5881   stm32f1xx_hal_rcc.o
       404         74          0          0          0       1376   stm32f1xx_hal_rcc_ex.o
      3658        738          0          0          0      16240   stm32f1xx_hal_tim.o
       240         72          0          0          0       2313   stm32f1xx_hal_tim_ex.o
       116         18          0          0         64       1327   stm32f1xx_hal_timebase_tim.o
      1464        146          0          0          0       8875   stm32f1xx_hal_uart.o
        72         30          0          0          0       4445   stm32f1xx_it.o
      1644          0          0          0          0      14165   stm32f1xx_ll_usb.o
         0          0          0          0          0        400   stream_buffer.o
        72         16         24          4          0       1091   system_stm32f1xx.o
      1506        110          0         60        240      15770   tasks.o
        84         18          0          0        708        712   usb_device.o
       726         16          0        271          0      12650   usbd_cdc.o
       180         30          0         28       2100       3345   usbd_cdc_if.o
       544         30          0          0       1164      12893   usbd_conf.o
       670          0          0          0          0       9151   usbd_core.o
      1186         28          0          1          0       7724   usbd_ctlreq.o
       288        104          0         78        512       5433   usbd_desc.o
       132          0          0          0          0       4168   usbd_ioreq.o

    ----------------------------------------------------------------------
     27360       2590        412        512       9720     764509   Object Totals
         0          0         32          0          0          0   (incl. Generated)
        38          0          0          6          0          0   (incl. Padding)

    ----------------------------------------------------------------------

      Code (inc. data)   RO Data    RW Data    ZI Data      Debug   Library Member Name

        86          0          0          0          0          0   __dczerorl2.o
         0          0          0          0          0          0   entry.o
         0          0          0          0          0          0   entry10a.o
         0          0          0          0          0          0   entry11a.o
         8          4          0          0          0          0   entry2.o
         4          0          0          0          0          0   entry5.o
         0          0          0          0          0          0   entry7b.o
         0          0          0          0          0          0   entry8b.o
         8          4          0          0          0          0   entry9a.o
        30          0          0          0          0          0   handlers.o
        36          8          0          0          0         68   init.o
        36          0          0          0          0         68   memcpya.o
        36          0          0          0          0        108   memseta.o
        14          0          0          0          0         68   strlen.o

    ----------------------------------------------------------------------
       260         16          0          0          0        312   Library Totals
         2          0          0          0          0          0   (incl. Padding)

    ----------------------------------------------------------------------

      Code (inc. data)   RO Data    RW Data    ZI Data      Debug   Library Name

       258         16          0          0          0        312   mc_w.l

    ----------------------------------------------------------------------
       260         16          0          0          0        312   Library Totals

    ----------------------------------------------------------------------

==============================================================================


      Code (inc. data)   RO Data    RW Data    ZI Data      Debug   

     27620       2606        412        512       9720     751377   Grand Totals
     27620       2606        412        196       9720     751377   ELF Image Totals (compressed)
     27620       2606        412        196          0          0   ROM Totals

==============================================================================

    Total RO  Size (Code + RO Data)                28032 (  27.38kB)
    Total RW  Size (RW Data + ZI Data)             10232 (   9.99kB)
    Total ROM Size (Code + RO Data + RW Data)      28228 (  27.57kB)

==============================================================================

